(1782743861.056579) can0 19FA0406#870000F50CD115AB
(1782743861.057686) can0 19FA0406#88A594116079FEFF
(1782743861.057687) can0 19FA0406#89F50968127F2594
(1782743861.058794) can0 19FA0406#8A116079FEFFF50D
(1782743861.058795) can0 19FA0406#8B68125AA6CC10FF
(1782743861.059885) can0 19FA0406#8CFFFF7FF013B911
(1782743861.059885) can0 19FA0406#8DC45ECC10A08601
(1782743861.061088) can0 19FA0406#8E00F519B9114DC2
(1782743861.061089) can0 19FA0406#8FE40C6044F2FFF5
(1782743861.062189) can0 19FA0406#901D8B0964D5CC10
(1782743861.062189) can0 19FA0406#91801A0600F50468
(1782743861.063291) can0 19FA0406#920373143C0FE093
(1782743861.063292) can0 19FA0406#930400F514BA0266
(1782743861.064395) can0 19FA0406#947B0410FFFFFF7F
(1782743861.064396) can0 19FA0406#95F02C5C1094A1CC
(1782743861.065500) can0 19FA0406#9610FFFFFF7FF52E
(1782743861.065501) can0 19FA0406#97390A65A8CC10FF
(1782743861.066602) can0 19FA0406#98FFFF7FF5FFFFFF
(1782743861.074215) can0 0DF1190B#FFA84C9F01CFFEFF
(1782743861.074216) can0 09F1120B#FFA84CFF7FA6F6FC
(1782743861.084439) can0 09F1130B#FFB0020000FFFFFF
(1782743861.084439) can0 0DF1140B#FFFBFFFFFFFFFFFF
(1782743861.092354) can0 09F11206#FF904B0000A6F6FC
(1782743861.101173) can0 09F11306#FF33E9FFFFFFFFFF
(1782743861.102380) can0 0DF11406#FFFEFFFFFFFFFFFF
(1782743861.102381) can0 0DF50B03#BD0E0100000000FF
(1782743861.112499) can0 19F11A06#FFF8784EA6F6FFFF
(1782743861.127332) can0 09F11323#9A19C5FFFFFFFFFF
(1782743861.127333) can0 09F11223#8E785700002FF6FD
(1782743861.156095) can0 09F10D0D#FF07FF7FFF7FFFFF
(1782743861.174232) can0 0DF1190B#FFA84CA301CFFEFF
(1782743861.174233) can0 09F1120B#FFA84CFF7FA6F6FC
(1782743861.183952) can0 09F1130B#FF67010000FFFFFF
(1782743861.188362) can0 0DF1140B#FFFBFFFFFFFFFFFF
(1782743861.191873) can0 09F11206#FF904B0000A6F6FC
(1782743861.201399) can0 09F11306#FF05E9FFFFFFFFFF
(1782743861.201400) can0 0DF11406#FFFFFFFFFFFFFFFF
(1782743861.227246) can0 09FD0223#70DD00383DF8FFFF
(1782743861.227246) can0 0DF01023#C3F099503872631F
(1782743861.228449) can0 1DF11A23#D9F599502FF6FFFF
(1782743861.229651) can0 0DF11923#D9FF7F9101BF00FF
(1782743861.230759) can0 09F11323#9BD2E5FFFFFFFFFF
(1782743861.231957) can0 09F80223#C4FCD9B00500FFFF
(1782743861.233057) can0 19FA0323#C4DB5A008200FF7F
(1782743861.234172) can0 15FD0723#B6C16374FF7FF803
(1782743861.234173) can0 09F11223#8F895700002FF6FD
(1782743861.254205) can0 09F8020B#FFFC21630000FFFF
(1782743861.256509) can0 09F1050A#C0153038FFFF7FFF
(1782743861.257612) can0 09F1050A#C1FFFFFFD106D106
(1782743861.257613) can0 09F1050A#C2FF7FFF7FFF7FFF
(1782743861.258816) can0 09F1050A#C3FFFFFFFFFFFFFF
(1782743861.258816) can0 09F10D0D#FF07FF7FFF7FFFFF
(1782743861.259917) can0 09F10D0A#FF07F4FDFF7FFFFF
(1782743861.261720) can0 15FD0806#FF0001D473FFFFFF
(1782743861.261721) can0 09FE1206#000CFF7FFF7F1200
(1782743861.262923) can0 09FE1206#011B00FF7F1B00FF
(1782743861.267232) can0 19FA0423#2093C4FF0C041704
(1782743861.270237) can0 19FA0423#212215740EFFFFFF
(1782743861.273146) can0 19FA0423#227FF505451B7C9D
(1782743861.274249) can0 0DF1190B#FFA84CA601D0FEFF
(1782743861.274250) can0 09F1120B#FFA84CFF7FA6F6FC
(1782743861.275357) can0 19FA030B#FFD332005000FF7F
(1782743861.276453) can0 19FA0423#23A00FFFFFFF7FF5
(1782743861.279260) can0 19FA0423#2406E819D033A00F
(1782743861.281466) can0 09F80206#FFFCACC50200FFFF
(1782743861.282567) can0 19FA0423#25FFFFFF7FF50968
(1782743861.284368) can0 09F1130B#FF47FFFFFFFFFFFF
(1782743861.284368) can0 0DF1140B#FFFBFFFFFFFFFFFF
(1782743861.285581) can0 19FA0423#26127F25280AFFFF
(1782743861.287778) can0 19FA0423#27FF7FF50B6730AE
(1782743861.291183) can0 19FA0423#280F0410FFFFFF7F
(1782743861.292287) can0 09F11206#FF8F4B0000A6F6FC
(1782743861.294188) can0 19FA0423#29F50CD01559A668
(1782743861.297197) can0 19FA0423#2A10FFFFFF7FF50D
(1782743861.300210) can0 19FA0423#2B681207A7A00FFF
(1782743861.301404) can0 09F11306#FF7EE8FFFFFFFFFF
(1782743861.301405) can0 0DF11406#FFFFFFFFFFFFFFFF
(1782743861.303211) can0 19FA0423#2CFFFF7FF113B911
(1782743861.303212) can0 09FE120B#600CFF7FFF7F0100
(1782743861.304834) can0 09FE120B#610200FF7F0300FF
(1782743861.312972) can0 19FA0423#2DC35E1C0CFFFFFF
(1782743861.314133) can0 19FA0423#2E7FF515D033FC95
(1782743861.317247) can0 19FA0423#2FCC10FFFFFF7FF5
(1782743861.320193) can0 19FA0423#30190B114DC23C0F
(1782743861.323151) can0 19FA0423#31FFFFFF7FF51D8B
(1782743861.326159) can0 19FA0423#320912D6100EFFFF
(1782743861.326160) can0 09F11323#9C74110000FFFFFF
(1782743861.327770) can0 09F11223#90895700002FF6FD
(1782743861.330267) can0 19FA0423#33FF7FF530450C59
(1782743861.333477) can0 19FA0423#34A63C0FFFFFFF7F
(1782743861.336703) can0 19FA0423#35F1FFFFFFFFFFFF
(1782743861.374263) can0 19F11A0B#FFF8784EA6F6FFFF
(1782743861.374264) can0 0DF1190B#FFA94CA801D1FEFF
(1782743861.375374) can0 09F1120B#FFA94CFF7FA6F6FC
(1782743861.384286) can0 09F1130B#FF75FCFFFFFFFFFF
(1782743861.384287) can0 0DF1140B#FFFBFFFFFFFFFFFF
(1782743861.392101) can0 09F11206#FF8E4B0000A6F6FC
(1782743861.401324) can0 09F11306#FFE3E7FFFFFFFFFF
(1782743861.401325) can0 0DF11406#FFFFFFFFFFFFFFFF
(1782743861.407838) can0 09F10D0D#FF07FF7FFF7FFFFF
(1782743861.428415) can0 09F11323#9DD2E5FFFFFFFFFF
(1782743861.429492) can0 09F80223#C5FC92C80500FFFF
(1782743861.429493) can0 09F11223#91895700002FF6FD
(1782743861.475631) can0 0DF1190B#FFA94CAB01D3FEFF
(1782743861.475632) can0 09F1120B#FFA94CFF7FA6F6FC
(1782743861.477455) can0 19FA040B#C09FFFFF0D04A003
(1782743861.477458) can0 19FA040B#C1FD140410FFFFFF
(1782743861.477459) can0 09FD0223#71E200CCE4FAFFFF
(1782743861.478491) can0 19FA040B#C27FF505811B9D9D
(1782743861.479794) can0 19FA040B#C3100EFFFFFF7FF5
(1782743861.480893) can0 19FA040B#C406301AB8339411
(1782743861.481998) can0 19FA040B#C5FFFFFF7FF50954
(1782743861.483199) can0 19FA040B#C6127825A00FFFFF
(1782743861.484305) can0 19FA040B#C7FF7FF50B5D3004
(1782743861.484306) can0 19FA040B#C8109411FFFFFF7F
(1782743861.485406) can0 19FA040B#C9F50C0F162DA630
(1782743861.485407) can0 19FA040B#CA11FFFFFF7FF513
(1782743861.486504) can0 19FA040B#CBA511DF5E3011FF
(1782743861.486504) can0 19FA040B#CCFFFF7FF5144C03
(1782743861.487605) can0 19FA040B#CD657BB80BFFFFFF
(1782743861.487605) can0 19FA040B#CE7FF41532347A96
(1782743861.488810) can0 19FA040B#CFC012FFFFFF7FF5
(1782743861.488810) can0 19FA040B#D0194E1180C2A00F
(1782743861.489913) can0 19FA040B#D1FFFFFF7FF51D6F
(1782743861.489914) can0 19FA040B#D20915D6740EFFFF
(1782743861.491017) can0 19FA040B#D3FF7FF52C5D1094
(1782743861.491018) can0 19FA040B#D4A13011FFFFFF7F
(1782743861.492119) can0 19FA040B#D5F530460C5AA630
(1782743861.492120) can0 19FA040B#D611FFFFFF7FF5FF
(1782743861.493397) can0 09F11206#FF8F4B0000A6F6FC
(1782743861.495626) can0 09F1130B#FF37F9FFFFFFFFFF
(1782743861.496732) can0 0DF1140B#FFFBFFFFFFFFFFFF
(1782743861.501540) can0 09F11306#FF0CE7FFFFFFFFFF
(1782743861.501541) can0 0DF11406#FFFFFFFFFFFFFFFF
(1782743861.504244) can0 09F8020B#FFFC51630000FFFF
(1782743861.507213) can0 09F1050A#E0153038FFFF7FFF
(1782743861.508688) can0 09F1050A#E1FFFFFFD106D106
(1782743861.508689) can0 09F1050A#E2FF7FFF7FFF7FFF
(1782743861.509760) can0 09F1050A#E3FFFFFFFFFFFFFF
(1782743861.509761) can0 09F10D0D#FF07FF7FFF7FFFFF
(1782743861.509762) can0 09F10D0A#FF07F4FDFF7FFFFF
(1782743861.513134) can0 09FE1206#200CFF7FFF7F1200
(1782743861.513135) can0 09FE1206#211000FF7F1000FF
(1782743861.524191) can0 15FD060B#FFFFFF5974FB03FF
(1782743861.527193) can0 09F11323#9E00000000FFFFFF
(1782743861.527194) can0 09F11223#92895700002FF6FD
(1782743861.532184) can0 09F80206#FFFCACC50200FFFF
(1782743861.542565) can0 15FD0606#FFFFFFD473FC03FF
(1782743861.554152) can0 09FE120B#800CFF7FFF7F0100
(1782743861.554153) can0 09FE120B#810200FF7F0300FF
(1782743861.561475) can0 15FD0A06#FF000012930F00FF
(1782743861.574204) can0 0DF1190B#FFA94CAD01D5FEFF
(1782743861.574204) can0 09F1120B#FFA94CFF7FA6F6FC
(1782743861.585248) can0 09F1130B#FFCBF5FFFFFFFFFF
(1782743861.585249) can0 0DF1140B#FFFBFFFFFFFFFFFF
(1782743861.592764) can0 09F11206#FF904B0000A6F6FC
(1782743861.602740) can0 09F11306#FFFCE5FFFFFFFFFF
(1782743861.602741) can0 0DF11406#FFFFFFFFFFFFFFFF
(1782743861.627211) can0 09F11323#9FA2130000FFFFFF
(1782743861.628413) can0 09F80223#C6FCEFC60500FFFF
(1782743861.628414) can0 09F11223#93895700002FF6FD
(1782743861.657790) can0 09F10D0D#FF07FF7FFF7FFFFF
(1782743861.674122) can0 0DF1190B#FFAA4CAE01D7FEFF
(1782743861.674123) can0 09F1120B#FFAA4CFF7FA6F6FC
(1782743861.685139) can0 09F1130B#FF76F2FFFFFFFFFF
(1782743861.685139) can0 0DF1140B#FFFBFFFFFFFFFFFF
(1782743861.686239) can0 15FD0A0B#FF000024900F00FF
(1782743861.692516) can0 09F11206#FF904B0000A6F6FC
(1782743861.701276) can0 09F11306#FFFDE4FFFFFFFFFF
(1782743861.701277) can0 0DF11406#FFFFFFFFFFFFFFFF
(1782743861.708769) can0 09F1050A#00153038FFFF7FFF
(1782743861.709949) can0 09F1050A#01FFFFFFD106D106
(1782743861.709950) can0 09F1050A#02FF7FFF7FFF7FFF
(1782743861.709951) can0 09F1050A#03FFFFFFFFFFFFFF
(1782743861.713240) can0 19FA0906#600FFFFD0F01D700
(1782743861.714296) can0 19FA0906#61C40000E2040000
(1782743861.714297) can0 19FA0906#62E204FFFFFFFFFF
(1782743861.728086) can0 09FD0223#72E200AD3CF8FFFF
(1782743861.728087) can0 09F11323#A0443F0000FFFFFF
(1782743861.729176) can0 15FD0723#B7C16374FF7FF803
(1782743861.729176) can0 09F11223#94785700002FF6FD
(1782743861.754184) can0 09F8020B#FFFC4C670000FFFF
(1782743861.756286) can0 09F10D0D#FF07FF7FFF7FFFFF
(1782743861.756286) can0 09F10D0A#FF07F4FDFF7FFFFF
(1782743861.761530) can0 09FE1206#400CFF7FFF7F1200
(1782743861.761531) can0 09FE1206#411200FF7F1200FF
(1782743861.771923) can0 0DF01006#FFF09950506E631F
(1782743861.774225) can0 0DF1190B#FFAA4CB001DAFEFF
(1782743861.774226) can0 09F1120B#FFAA4CFF7FA6F6FC
(1782743861.775438) can0 15FD0C0B#FF00017A8B04FFFF
(1782743861.781242) can0 09F80206#FFFCACC50100FFFF
(1782743861.784595) can0 09F1130B#FF9FEFFFFFFFFFFF
(1782743861.784596) can0 0DF1140B#FFFBFFFFFFFFFFFF
(1782743861.792071) can0 09F11206#FF944B0000A6F6FC
(1782743861.801188) can0 09F11306#FFE3E3FFFFFFFFFF
(1782743861.801189) can0 0DF11406#FFFFFFFFFFFFFFFF
(1782743861.804294) can0 09FE120B#A00CFF7FFF7F0100
(1782743861.804295) can0 09FE120B#A10200FF7F0300FF
(1782743861.812106) can0 15FD0C06#FF0001488604FFFF
(1782743861.827247) can0 09F11323#A1A15B0000FFFFFF
(1782743861.828446) can0 09F80223#C7FCF5B80000FFFF
(1782743861.828447) can0 09F11223#95785700002FF6FD
(1782743861.831954) can0 0DF11906#FF944BBF008AFFFF
(1782743861.874139) can0 0DF1190B#FFAB4CB001DDFEFF
(1782743861.874140) can0 09F1120B#FFAB4CFF7FA6F6FC
(1782743861.881360) can0 0DFE1106#600EC1FFACC50100
(1782743861.881361) can0 0DFE1106#61954BFFFFFFFFFF
(1782743861.882460) can0 0DFE1106#62FFFFFFFFFFFFFF
(1782743861.884674) can0 09F1130B#FF62EDFFFFFFFFFF
(1782743861.884674) can0 0DF1140B#FFFBFFFFFFFFFFFF
(1782743861.891788) can0 09F11206#FF954B0000A6F6FC
(1782743861.901320) can0 09F11306#FFBFE2FFFFFFFFFF
(1782743861.901321) can0 0DF11406#FFFFFFFFFFFFFFFF
(1782743861.908021) can0 09F1050A#20153038FFFF7FFF
(1782743861.909219) can0 09F1050A#21FFFFFFD106D106
(1782743861.909220) can0 09F1050A#22FF7FFF7FFF7FFF
(1782743861.910318) can0 09F1050A#23FFFFFFFFFFFFFF
(1782743861.910319) can0 09F10D0D#FF07FF7FFF7FFFFF
(1782743861.927156) can0 09F11323#A2A15B0000FFFFFF
(1782743861.927157) can0 09F11223#96785700002FF6FD
(1782743861.974160) can0 0DF0100B#FFF099506095631F
(1782743861.974161) can0 0DFE110B#600EC1FF626E0000
(1782743861.975260) can0 0DFE110B#61AD4CFFFFFFFFFF
(1782743861.975261) can0 0DFE110B#62FFFFFFFFFFFFFF
(1782743861.976363) can0 0DF1190B#FFAD4CAF01DBFEFF
(1782743861.976364) can0 09F1120B#FFAD4CFF7FA6F6FC
(1782743861.977462) can0 09FD0223#73E200CCE4FAFFFF
(1782743861.985183) can0 09F1130B#FF1EECFFFFFFFFFF
(1782743861.985184) can0 0DF1140B#FFFAFFFFFFFFFFFF
(1782743861.992002) can0 09F11206#FF964B0000A6F6FC
(1782743862.001216) can0 09F11306#FFADE1FFFFFFFFFF
(1782743862.001217) can0 0DF11406#FFFFFFFFFFFFFFFF
(1782743862.003558) can0 19FA0306#FFD350006400FF7F
(1782743862.004629) can0 09F8020B#FFFCA46F0000FFFF
(1782743862.007631) can0 09F10D0D#FF07FF7FFF7FFFFF
(1782743862.007632) can0 09F10D0A#FF07F4FDFF7FFFFF
(1782743862.012138) can0 09FE1206#600CFF7FFF7F1100
(1782743862.012139) can0 09FE1206#61DBFFFF7FDBFFFF
(1782743862.024066) can0 15FD060B#FFFFFF5974FB03FF
(1782743862.027171) can0 09F11323#A3B7800000FFFFFF
(1782743862.028377) can0 09F80223#C8FCB7800000FFFF
(1782743862.028377) can0 09F11223#97785700002FF6FD
(1782743862.032084) can0 09F80206#FFFCACC50100FFFF
(1782743862.041207) can0 15FD0606#FFFFFFD473FC03FF
(1782743862.051926) can0 19FA0406#A0ABFFFD0E152D35
(1782743862.051927) can0 19FA0406#A14E95EC13FFFFFF
(1782743862.053507) can0 19FA0406#A27FF50BC431AE0F
(1782743862.053508) can0 19FA0406#A388136079FEFFF5
(1782743862.054531) can0 09FE120B#C00CFF7FFF7F0200
(1782743862.054531) can0 09FE120B#C10200FF7F0300FF
(1782743862.054532) can0 19FA0406#A405F31B7D9DC012
(1782743862.055936) can0 19FA0406#A5A0860100F50696
(1782743862.055937) can0 19FA0406#A61AD033C0126079
(1782743862.055937) can0 19FA0406#A7FEFFF50CD115AB
(1782743862.057535) can0 19FA0406#A8A59411FFFFFF7F
(1782743862.057536) can0 09F50305#00FFFFFFFFFFFFFF
(1782743862.058740) can0 19FA0406#A9F50968127F2530
(1782743862.058741) can0 19FA0406#AA1100000000F50D
(1782743862.059843) can0 19FA0406#AB68125AA6CC10FF
(1782743862.059844) can0 19FA0406#ACFFFF7FF013B911
(1782743862.060946) can0 19FA0406#ADC45ECC1080E5F9
(1782743862.060947) can0 19FA0406#AEFFF519B9114DC2
(1782743862.062047) can0 19FA0406#AF800C206CFBFFF5
(1782743862.062048) can0 19FA0406#B01D8B0964D5CC10
(1782743862.063149) can0 19FA0406#B1E0930400F50468
(1782743862.063149) can0 19FA0406#B20373143C0FA086
(1782743862.066076) can0 19FA0406#B30100F514BA0266
(1782743862.066077) can0 19FA0406#B47B0410FFFFFF7F
(1782743862.067738) can0 19FA0406#B5F02C5C1094A1CC
(1782743862.067739) can0 19FA0406#B610FFFFFF7FF52E
(1782743862.067739) can0 19FA0406#B7390A65A8CC10FF
(1782743862.067740) can0 19FA0406#B8FFFF7FF5FFFFFF
(1782743862.074172) can0 0DF1190B#FFAE4CB001DEFEFF
(1782743862.074173) can0 09F1120B#FFAE4CFF7FA6F6FC
(1782743862.084601) can0 09F1130B#FFE8EBFFFFFFFFFF
(1782743862.084602) can0 0DF1140B#FFFAFFFFFFFFFFFF
(1782743862.092512) can0 09F11206#FF974B0000A6F6FC
(1782743862.101431) can0 09F11306#FF38E1FFFFFFFFFF
(1782743862.102634) can0 0DF11406#FFFFFFFFFFFFFFFF
(1782743862.102635) can0 0DF50B03#BE0E0100000000FF
(1782743862.108747) can0 09F1050A#40153038FFFF7FFF
(1782743862.108748) can0 09F1050A#41FFFFFFD106D106
(1782743862.109848) can0 09F1050A#42FF7FFF7FFF7FFF
(1782743862.109849) can0 09F1050A#43FFFFFFFFFFFFFF
(1782743862.112160) can0 19F11A06#FFF8784EA6F6FFFF
(1782743862.127190) can0 09F11323#A443870000FFFFFF
(1782743862.127191) can0 09F11223#98785700002FF6FD
(1782743862.157752) can0 09F10D0D#FF07FF7FFF7FFFFF
(1782743862.174087) can0 0DF1190B#FFAF4CAF01E0FEFF
(1782743862.174088) can0 09F1120B#FFAF4CFF7FA6F6FC
(1782743862.184011) can0 09F1130B#FF69ECFFFFFFFFFF
(1782743862.188418) can0 0DF1140B#FFFAFFFFFFFFFFFF
(1782743862.193130) can0 09F11206#FF984B0000A6F6FC
(1782743862.201247) can0 09F11306#FF1AE1FFFFFFFFFF
(1782743862.201248) can0 0DF11406#FFFFFFFFFFFFFFFF
(1782743862.223332) can0 19F2140F#00CB050200587D00
(1782743862.227208) can0 09FD0223#74D800213CF8FFFF
(1782743862.227209) can0 0DF01023#C8F099504899631F
(1782743862.228308) can0 1DF11A23#DAF599502FF6FFFF
(1782743862.229511) can0 0DF11923#DAFF7FE801E200FF
(1782743862.230723) can0 09F11323#A5FCBF0000FFFFFF
(1782743862.231916) can0 09F80223#C9FC94680500FFFF
(1782743862.233027) can0 19FA0323#C9DB5A008200FF7F
(1782743862.234124) can0 15FD0723#B8C16374FF7FF803
(1782743862.234125) can0 15FD0823#FF00016374FFFFFF
(1782743862.235223) can0 15FD0A23#FF0000EC810F00FF
(1782743862.235224) can0 09F11223#99555700002FF6FD
(1782743862.253294) can0 09F8020B#FFFC297D0000FFFF
(1782743862.258177) can0 09F10D0D#FF07FF7FFF7FFFFF
(1782743862.258178) can0 09F10D0A#FF07F4FDFF7FFFFF
(1782743862.261386) can0 09FE1206#800CFF7FFF7F1100
(1782743862.261387) can0 09FE1206#81F6FFFF7FF6FFFF
(1782743862.271217) can0 19FA0423#4093C9FF0C041704
(1782743862.274627) can0 19FA0423#412215740EFFFFFF
(1782743862.274628) can0 0DF1190B#FFB04CAD01E2FEFF
(1782743862.275717) can0 09F1120B#FFB04CFF7FA6F6FC
(1782743862.275719) can0 19FA030B#FFD332005000FF7F
(1782743862.277120) can0 19FA0423#427FF505451B7C9D
(1782743862.280127) can0 19FA0423#43A00FFFFFFF7FF5
(1782743862.281954) can0 09F80206#FFFCACC50100FFFF
(1782743862.283132) can0 19FA0423#4406E819D0333C0F
(1782743862.284238) can0 09F1130B#FF74EDFFFFFFFFFF
(1782743862.284239) can0 0DF1140B#FFFAFFFFFFFFFFFF
(1782743862.286542) can0 19FA0423#45FFFFFF7FF50968
(1782743862.289751) can0 19FA0423#46127F25280AFFFF
(1782743862.294035) can0 09F11206#FF984B0000A6F6FC
(1782743862.294036) can0 19FA0423#47FF7FF50B67305C
(1782743862.295162) can0 19FA0423#4810A00FFFFFFF7F
(1782743862.298171) can0 19FA0423#49F50CD01559A668
(1782743862.301175) can0 19FA0423#4A10FFFFFF7FF50D
(1782743862.301176) can0 09F11306#FF45E1FFFFFFFFFF
(1782743862.302277) can0 0DF11406#FFFFFFFFFFFFFFFF
(1782743862.304182) can0 09FE120B#E00CFF7FFF7F0200
(1782743862.304183) can0 09FE120B#E10100FF7F0200FF
(1782743862.305286) can0 19FA0423#4B681207A70410FF
(1782743862.307792) can0 09F1050A#60153038FFFF7FFF
(1782743862.308999) can0 09F1050A#61FFFFFFD106D106
(1782743862.309000) can0 09F1050A#62FF7FFF7FFF7FFF
(1782743862.310126) can0 09F1050A#63FFFFFFFFFFFFFF
(1782743862.311999) can0 19FA0423#4CFFFF7FF113B911
(1782743862.314205) can0 19FA0423#4DC35E1C0CFFFFFF
(1782743862.317112) can0 19FA0423#4E7FF515D033FC95
(1782743862.321395) can0 19FA0423#4FCC10FFFFFF7FF5
(1782743862.322431) can0 19FA0423#50190B114DC23C0F
(1782743862.326132) can0 19FA0423#51FFFFFF7FF51D8B
(1782743862.328637) can0 09F11323#A687C60000FFFFFF
(1782743862.328637) can0 09F11223#9A555700002FF6FD
(1782743862.330646) can0 19FA0423#520912D6100EFFFF
(1782743862.333250) can0 19FA0423#53FF7FF530450C59
(1782743862.336178) can0 19FA0423#54A63C0FFFFFFF7F
(1782743862.338825) can0 19FA0423#55F1FFFFFFFFFFFF
(1782743862.374786) can0 19F11A0B#FFF8784EA6F6FFFF
(1782743862.374786) can0 0DF1190B#FFB14CAB01E5FEFF
(1782743862.375847) can0 09F1120B#FFB14CFF7FA6F6FC
(1782743862.384167) can0 09F1130B#FF16EFFFFFFFFFFF
(1782743862.384168) can0 0DF1140B#FFF9FFFFFFFFFFFF
(1782743862.392305) can0 09F11206#FF984B0000A6F6FC
(1782743862.401204) can0 09F11306#FFCAE1FFFFFFFFFF
(1782743862.401206) can0 0DF11406#FFFFFFFFFFFFFFFF
(1782743862.407919) can0 09F10D0D#FF07FF7FFF7FFFFF
(1782743862.427167) can0 09F11323#A72B920000FFFFFF
(1782743862.428269) can0 09F80223#CAFCD55E0000FFFF
(1782743862.428270) can0 09F11223#9B555700002FF6FD
(1782743862.475119) can0 0DF1190B#FFB24CA901E7FEFF
(1782743862.475119) can0 09F1120B#FFB24CFF7FA6F6FC
(1782743862.476175) can0 19FA040B#E09FFFFF0D04A003
(1782743862.476176) can0 19FA040B#E1FC14A00FFFFFFF
(1782743862.476176) can0 19FA040B#E27FF505821B9E9D
(1782743862.476177) can0 19FA040B#E3100EFFFFFF7FF5
(1782743862.477485) can0 09FD0223#75DD0097E4FAFFFF
(1782743862.477486) can0 19FA040B#E4062F1AB9333011
(1782743862.478590) can0 19FA040B#E5FFFFFF7FF50954
(1782743862.478591) can0 19FA040B#E61277250410FFFF
(1782743862.479684) can0 19FA040B#E7FF7FF50B5C3008
(1782743862.479684) can0 19FA040B#E810F811FFFFFF7F
(1782743862.481982) can0 19FA040B#E9F50C0E162BA630
(1782743862.481983) can0 19FA040B#EA11FFFFFF7FF513
(1782743862.483231) can0 19FA040B#EBA411E05E3011FF
(1782743862.483232) can0 19FA040B#ECFFFF7FF5144D03
(1782743862.483233) can0 19FA040B#ED657BB80BFFFFFF
(1782743862.483234) can0 19FA040B#EE7FF41533347C96
(1782743862.484297) can0 19FA040B#EFC012FFFFFF7FF5
(1782743862.484298) can0 19FA040B#F0194E117FC23C0F
(1782743862.484298) can0 19FA040B#F1FFFFFF7FF51D70
(1782743862.485898) can0 19FA040B#F20915D6100EFFFF
(1782743862.485899) can0 19FA040B#F3FF7FF52C5D1094
(1782743862.487000) can0 19FA040B#F4A13011FFFFFF7F
(1782743862.487000) can0 19FA040B#F5F530460C5AA630
(1782743862.488106) can0 19FA040B#F611FFFFFF7FF5FF
(1782743862.489894) can0 09F1130B#FF89F1FFFFFFFFFF
(1782743862.491011) can0 0DF1140B#FFF9FFFFFFFFFFFF
(1782743862.492861) can0 09F11206#FF984B0000A6F6FC
(1782743862.501233) can0 09F11306#FFB3E2FFFFFFFFFF
(1782743862.501234) can0 0DF11406#FFFFFFFFFFFFFFFF
(1782743862.504040) can0 09F8020B#FFFC2B880000FFFF
(1782743862.507839) can0 09F1050A#80153038FFFF7FFF
(1782743862.508952) can0 09F1050A#81FFFFFFD106D106
(1782743862.508953) can0 09F1050A#82FF7FFF7FFF7FFF
(1782743862.510054) can0 09F1050A#83FFFFFFFFFFFFFF
(1782743862.510055) can0 09F10D0D#FF07FF7FFF7FFFFF
(1782743862.511157) can0 09F10D0A#FF07F4FDFF7FFFFF
(1782743862.512360) can0 09FE1206#A00CFF7FFF7F1100
(1782743862.512360) can0 09FE1206#A1EDFFFF7FEDFFFF
(1782743862.524091) can0 15FD060B#FFFFFF5974FB03FF
(1782743862.527195) can0 09F11323#A814850000FFFFFF
(1782743862.527196) can0 09F11223#9C435700002FF6FD
(1782743862.532741) can0 09F80206#FFFCACC50100FFFF
(1782743862.541230) can0 15FD0606#FFFFFFD473FC03FF
(1782743862.554156) can0 09FE120B#000CFF7FFF7F0300
(1782743862.554158) can0 09FE120B#010100FF7F0200FF
(1782743862.574109) can0 0DF1190B#FFB34CA601E9FEFF
(1782743862.574110) can0 09F1120B#FFB34CFF7FA6F6FC
(1782743862.584223) can0 09F1130B#FF3DF5FFFFFFFFFF
(1782743862.584224) can0 0DF1140B#FFF9FFFFFFFFFFFF
(1782743862.592851) can0 09F11206#FF994B0000A6F6FC
(1782743862.601664) can0 09F11306#FFEDE3FFFFFFFFFF
(1782743862.601664) can0 0DF11406#FFFFFFFFFFFFFFFF
(1782743862.627239) can0 09F11323#A9A0730000FFFFFF
(1782743862.628424) can0 09F80223#CBFCF7700500FFFF
(1782743862.628425) can0 09F11223#9D555700002FF6FD
(1782743862.661276) can0 09F10D0D#FF07FF7FFF7FFFFF
(1782743862.679477) can0 0DF1190B#FFB44CA301E9FEFF
(1782743862.679477) can0 09F1120B#FFB44CFF7FA6F6FC
(1782743862.703701) can0 09F1130B#FFAFF9FFFFFFFFFF
(1782743862.703702) can0 0DF1140B#FFF9FFFFFFFFFFFF
(1782743862.703711) can0 09F11206#FF9A4B0000A6F6FC
(1782743862.710651) can0 09F11306#FF57E5FFFFFFFFFF
(1782743862.710652) can0 0DF11406#FFFFFFFFFFFFFFFF
(1782743862.724185) can0 09F1050A#A0153038FFFF7FFF
(1782743862.724186) can0 09F1050A#A1FFFFFFD106D106
(1782743862.724186) can0 09F1050A#A2FF7FFF7FFF7FFF
(1782743862.724187) can0 09F1050A#A3FFFFFFFFFFFFFF
(1782743862.724190) can0 19FA0906#800FFFFD0B01D700
(1782743862.726479) can0 19FA0906#81C40000E2040000
(1782743862.726479) can0 19FA0906#82E204FFFFFFFFFF
(1782743862.737404) can0 09FD0223#76DD00DB3BF8FFFF
(1782743862.737405) can0 09F11323#AAFE5F0000FFFFFF
(1782743862.737406) can0 15FD0723#B9C16374FF7FF803
(1782743862.745598) can0 09F11223#9E555700002FF6FD
(1782743862.745600) can0 1DF01109#60EAE3FFFFFFFFFF
(1782743862.756374) can0 09F8020B#FFFC218D0000FFFF
(1782743862.763092) can0 09F10D0A#FF07F4FDFF7FFFFF
(1782743862.768382) can0 09FE1206#C00CFF7FFF7F1100
(1782743862.768385) can0 09FE1206#C1EEFFFF7FEEFFFF
(1782743862.772816) can0 0DF01006#FFF099506095631F
(1782743862.774451) can0 0DF1190B#FFB54C9F01E9FEFF
(1782743862.774451) can0 09F1120B#FFB54CFF7FA6F6FC
(1782743862.783065) can0 09F80206#FFFCACC50300FFFF
(1782743862.784565) can0 09F1130B#FFCEFEFFFFFFFFFF
(1782743862.784565) can0 0DF1140B#FFF9FFFFFFFFFFFF
(1782743862.796507) can0 09F11206#FF9B4B0000A6F6FC
(1782743862.805879) can0 09F11306#FFCDE6FFFFFFFFFF
(1782743862.805880) can0 0DF11406#FFFFFFFFFFFFFFFF
(1782743862.812914) can0 09FE120B#200CFF7FFF7F0300
(1782743862.812916) can0 09FE120B#210100FF7F0200FF
(1782743862.812916) can0 09F10D0D#FF07FF7FFF7FFFFF
(1782743862.829948) can0 09F11323#ABFE5F0000FFFFFF
(1782743862.829949) can0 09F80223#CCFCE0540000FFFF
(1782743862.829950) can0 09F11223#9F555700002FF6FD
(1782743862.832023) can0 0DF11906#FF9B4BAD009BFFFF
(1782743862.874088) can0 0DF1190B#FFB64C9E01E8FEFF
(1782743862.874089) can0 09F1120B#FFB64CFF7FA6F6FC
(1782743862.881304) can0 0DFE1106#800EC1FFACC50300
(1782743862.881305) can0 0DFE1106#819B4BFFFFFFFFFF
(1782743862.882507) can0 0DFE1106#82FFFFFFFFFFFFFF
(1782743862.884211) can0 09F1130B#FF3F040000FFFFFF
(1782743862.884212) can0 0DF1140B#FFF9FFFFFFFFFFFF
(1782743862.892333) can0 09F11206#FF9C4B0000A6F6FC
(1782743862.901255) can0 09F11306#FF45E8FFFFFFFFFF
(1782743862.901256) can0 0DF11406#FFFFFFFFFFFFFFFF
(1782743862.908601) can0 09F10D0D#FF07FF7FFF7FFFFF
(1782743862.927208) can0 09F11323#AC163D0000FFFFFF
(1782743862.927209) can0 09F11223#A0555700002FF6FD
(1782743862.957580) can0 09F1050A#C0153038FFFF7FFF
(1782743862.958682) can0 09F1050A#C1FFFFFFD106D106
(1782743862.958683) can0 09F1050A#C2FF7FFF7FFF7FFF
(1782743862.959884) can0 09F1050A#C3FFFFFFFFFFFFFF
(1782743862.959885) can0 09F10D0A#FF07F4FDFF7FFFFF
(1782743862.974126) can0 0DF0100B#FFF0995070BC631F
(1782743862.974126) can0 0DFE110B#800EC1FFDA8D0000
(1782743862.975217) can0 0DFE110B#81B34CFFFFFFFFFF
(1782743862.975217) can0 0DFE110B#82FFFFFFFFFFFFFF
(1782743862.977006) can0 0DF1190B#FFB34C9901E8FEFF
(1782743862.977006) can0 09F1120B#FFB34CFF7FA6F6FC
(1782743862.978177) can0 09FD0223#77E20092E3FAFFFF
(1782743862.984141) can0 09F1130B#FF72090000FFFFFF
(1782743862.985341) can0 0DF1140B#FFF9FFFFFFFFFFFF
(1782743862.992158) can0 09F11206#FF9C4B0000A6F6FC
(1782743863.001717) can0 09F11306#FFC5E9FFFFFFFFFF
(1782743863.001718) can0 0DF11406#FFFFFFFFFFFFFFFF
(1782743863.003590) can0 19FA0306#FFD350006400FF7F
(1782743863.004704) can0 09F8020B#FFFCD98D0000FFFF
(1782743863.007995) can0 09F10D0D#FF07FF7FFF7FFFFF
(1782743863.012203) can0 09FE1206#E00CFF7FFF7FF4FF
(1782743863.012204) can0 09FE1206#E1F7FFFF7FF7FFFF
(1782743863.024136) can0 15FD060B#FFFFFF5974FB03FF
(1782743863.027237) can0 09F11323#AD89660000FFFFFF
(1782743863.028878) can0 09F80223#CDFC03670500FFFF
(1782743863.028878) can0 09F11223#A1435700002FF6FD
(1782743863.031949) can0 09F80206#FFFCACC50300FFFF
(1782743863.041473) can0 15FD0606#FFFFFFD473FC03FF
(1782743863.044075) can0 15FD080B#FF00015974FFFFFF
(1782743863.052142) can0 19FA0406#C0ABFFFD0E152D35
(1782743863.052143) can0 19FA0406#C14E95EC13000000
(1782743863.053199) can0 19FA0406#C200F50BC431AE0F
(1782743863.053200) can0 19FA0406#C3881300000000F5
(1782743863.055336) can0 09FE120B#400CFF7FFF7F0200
(1782743863.055337) can0 09FE120B#410100FF7F0200FF
(1782743863.056404) can0 19FA0406#C405F31B7D9DC012
(1782743863.056405) can0 19FA0406#C5400D0300F50696
(1782743863.056406) can0 19FA0406#C61AD033C0120000
(1782743863.056408) can0 19FA0406#C70000F50CD115AB
(1782743863.058051) can0 19FA0406#C8A5941100000000
(1782743863.058052) can0 19FA0406#C9F50968127F2530
(1782743863.059387) can0 19FA0406#CA1100000000F50D
(1782743863.059388) can0 19FA0406#CB68125AA6CC10FF
(1782743863.059388) can0 19FA0406#CCFFFF7FF013B911
(1782743863.060414) can0 19FA0406#CDC45ECC10206CFB
(1782743863.060416) can0 19FA0406#CEFFF519B9114DC2
(1782743863.061617) can0 19FA0406#CFE40CC0F2FCFFF5
(1782743863.061618) can0 19FA0406#D01D8B0964D56810
(1782743863.062722) can0 19FA0406#D1E0930400F50468
(1782743863.062723) can0 19FA0406#D20373143C0FE093
(1782743863.063820) can0 19FA0406#D30400F514BA0266
(1782743863.063821) can0 19FA0406#D47B6810FFFFFF7F
(1782743863.064926) can0 19FA0406#D5F02C5C1094A130
(1782743863.064926) can0 19FA0406#D611FFFFFF7FF52E
(1782743863.066026) can0 19FA0406#D7390A65A83011FF
(1782743863.066027) can0 19FA0406#D8FFFF7FF5FFFFFF
(1782743863.074046) can0 0DF1190B#FFB44C9401E6FEFF
(1782743863.074047) can0 09F1120B#FFB44CFF7FA6F6FC
(1782743863.084269) can0 09F1130B#FFEE0E0000FFFFFF
(1782743863.084270) can0 0DF1140B#FFF9FFFFFFFFFFFF
(1782743863.092688) can0 09F11206#FF9C4B0000A6F6FC
(1782743863.101007) can0 09F11306#FF50EBFFFFFFFFFF
(1782743863.102116) can0 0DF11406#FFFFFFFFFFFFFFFF
(1782743863.102117) can0 0DF50B03#BF0E0100000000FF
(1782743863.108795) can0 09F50305#00FFFFFFFFFFFFFF
(1782743863.112338) can0 19F11A06#FFF8784EA6F6FFFF
(1782743863.127266) can0 09F11323#AE2B920000FFFFFF
(1782743863.127267) can0 09F11223#A2435700002FF6FD
(1782743863.155936) can0 09F1050A#E0153038FFFF7FFF
(1782743863.157038) can0 09F1050A#E1FFFFFFD106D106
(1782743863.157040) can0 09F1050A#E2FF7FFF7FFF7FFF
(1782743863.158239) can0 09F1050A#E3FFFFFFFFFFFFFF
(1782743863.158240) can0 09F10D0D#FF07FF7FFF7FFFFF
(1782743863.174078) can0 0DF1190B#FFB34C9201E5FEFF
(1782743863.174079) can0 09F1120B#FFB34CFF7FA6F6FC
(1782743863.184203) can0 09F1130B#FFA3140000FFFFFF
(1782743863.188710) can0 0DF1140B#FFF9FFFFFFFFFFFF
(1782743863.192123) can0 09F11206#FF9C4B0000A6F6FC
(1782743863.201244) can0 09F11306#FF14EDFFFFFFFFFF
(1782743863.201245) can0 0DF11406#FFFFFFFFFFFFFFFF
(1782743863.207854) can0 09F10D0A#FF07F4FDFF7FFFFF
(1782743863.227195) can0 09FD0223#78DD00953BF8FFFF
(1782743863.227195) can0 0DF01023#CDF0995058C0631F
(1782743863.228398) can0 1DF11A23#DBF599502FF6FFFF
(1782743863.229602) can0 0DF11923#DBFF7FA2011701FF
(1782743863.230804) can0 09F11323#AF43870000FFFFFF
(1782743863.231906) can0 09F80223#CEFC2D440500FFFF
(1782743863.233007) can0 19FA0323#CEDB5A008200FF7F
(1782743863.234210) can0 15FD0723#BAC16374FF7FF803
(1782743863.234211) can0 09F11223#A3435700002FF6FD
(1782743863.254058) can0 09F8020B#FFFCC88C0000FFFF
(1782743863.257666) can0 09F10D0D#FF07FF7FFF7FFFFF
(1782743863.261629) can0 15FD0806#FF0001D473FFFFFF
(1782743863.261630) can0 09FE1206#000CFF7FFF7FF4FF
(1782743863.262680) can0 09FE1206#011400FF7F1400FF
(1782743863.267293) can0 19FA0423#6093CEFF0C041704
(1782743863.269994) can0 19FA0423#612215740EFFFFFF
(1782743863.272204) can0 19FA0423#627FF505451B7C9D
(1782743863.274331) can0 0DF1190B#FFB34C8F01E3FEFF
(1782743863.274332) can0 09F1120B#FFB34CFF7FA6F6FC
(1782743863.275408) can0 19FA030B#FFD332005000FF7F
(1782743863.276507) can0 19FA0423#63A00FFFFFFF7FF5
(1782743863.279266) can0 19FA0423#6406E819D0330410
(1782743863.282948) can0 09F80206#FFFCACC50300FFFF
(1782743863.284029) can0 19FA0423#65FFFFFF7FF50968
(1782743863.284030) can0 09F1130B#FF2A1A0000FFFFFF
(1782743863.284031) can0 0DF1140B#FFF9FFFFFFFFFFFF
(1782743863.285924) can0 19FA0423#66127F25C409FFFF
(1782743863.288159) can0 19FA0423#67FF7FF50B67305C
(1782743863.291245) can0 19FA0423#6810A00FFFFFFF7F
(1782743863.291246) can0 09F11206#FF9C4B0000A6F6FC
(1782743863.294149) can0 19FA0423#69F50CD01559A668
(1782743863.297157) can0 19FA0423#6A10FFFFFF7FF50D
(1782743863.300162) can0 19FA0423#6B681207A7A00FFF
(1782743863.301764) can0 09F11306#FFC7EEFFFFFFFFFF
(1782743863.301766) can0 0DF11406#FFFFFFFFFFFFFFFF
(1782743863.303269) can0 19FA0423#6CFFFF7FF113B911
(1782743863.303271) can0 09FE120B#600CFF7FFF7F0200
(1782743863.304781) can0 09FE120B#610100FF7F0100FF
(1782743863.311294) can0 19FA0423#6DC35E1C0CFFFFFF
(1782743863.314195) can0 19FA0423#6E7FF515D033FC95
(1782743863.317202) can0 19FA0423#6FCC10FFFFFF7FF5
(1782743863.321533) can0 19FA0423#70190B114DC2A00F
(1782743863.322615) can0 19FA0423#71FFFFFF7FF51D8B
(1782743863.326222) can0 19FA0423#720912D6740EFFFF
(1782743863.326223) can0 09F11323#B0B6C80000FFFFFF
(1782743863.328301) can0 09F11223#A4435700002FF6FD
(1782743863.330230) can0 19FA0423#73FF7FF530450C59
(1782743863.333237) can0 19FA0423#74A63C0FFFFFFF7F
(1782743863.336544) can0 19FA0423#75F1FFFFFFFFFFFF
(1782743863.358797) can0 09F1050A#00153038FFFF7FFF
(1782743863.359897) can0 09F1050A#01FFFFFFD106D106
(1782743863.359898) can0 09F1050A#02FF7FFF7FFF7FFF
(1782743863.361100) can0 09F1050A#03FFFFFFFFFFFFFF
(1782743863.374130) can0 19F11A0B#FFF8784EA6F6FFFF
(1782743863.374131) can0 0DF1190B#FFB44C8D01E1FEFF
(1782743863.375233) can0 09F1120B#FFB44CFF7FA6F6FC
(1782743863.384294) can0 09F1130B#FF5B1F0000FFFFFF
(1782743863.384294) can0 0DF1140B#FFF9FFFFFFFFFFFF
(1782743863.391973) can0 09F11206#FF9C4B0000A6F6FC
(1782743863.401293) can0 09F11306#FF72F0FFFFFFFFFF
(1782743863.401294) can0 0DF11406#FFFFFFFFFFFFFFFF
(1782743863.406406) can0 09F10D0D#FF07FF7FFF7FFFFF
(1782743863.406407) can0 09F10D0A#FF07F4FDFF7FFFFF
(1782743863.427256) can0 09F11323#B114850000FFFFFF
(1782743863.428457) can0 09F80223#CFFCA8140500FFFF
(1782743863.428458) can0 09F11223#A5435700002FF6FD
(1782743863.474162) can0 0DF1190B#FFB24C8B01DFFEFF
(1782743863.474164) can0 09F1120B#FFB24CFF7FA6F6FC
(1782743863.475267) can0 19FA040B#009FFFFF0D049F03
(1782743863.475268) can0 19FA040B#01FB14A00FFFFFFF
(1782743863.476368) can0 19FA040B#027FF505831B9F9D
(1782743863.476369) can0 19FA040B#03D80EFFFFFF7FF5
(1782743863.477470) can0 09FD0223#79E700C6E3FAFFFF
(1782743863.477471) can0 19FA040B#04062E1ABA339411
(1782743863.478572) can0 19FA040B#05FFFFFF7FF50953
(1782743863.478573) can0 19FA040B#06127625A00FFFFF
(1782743863.479776) can0 19FA040B#07FF7FF50B5C300C
(1782743863.479777) can0 19FA040B#0810F811FFFFFF7F
(1782743863.480878) can0 19FA040B#09F50C0D162AA630
(1782743863.480879) can0 19FA040B#0A11FFFFFF7FF513
(1782743863.481984) can0 19FA040B#0BA311E15E3011FF
(1782743863.481985) can0 19FA040B#0CFFFF7FF5144E03
(1782743863.483087) can0 19FA040B#0D647B1C0CFFFFFF
(1782743863.483088) can0 19FA040B#0E7FF41535347E96
(1782743863.484285) can0 19FA040B#0FC012FFFFFF7FF5
(1782743863.484286) can0 19FA040B#10194E117DC2A00F
(1782743863.485385) can0 19FA040B#11FFFFFF7FF51D71
(1782743863.485386) can0 19FA040B#120915D6AC0DFFFF
(1782743863.486495) can0 19FA040B#13FF7FF52C5D1094
(1782743863.486496) can0 19FA040B#14A13011FFFFFF7F
(1782743863.487594) can0 19FA040B#15F530460C5AA630
(1782743863.487595) can0 19FA040B#1611FFFFFF7FF5FF
(1782743863.489907) can0 09F1130B#FF33240000FFFFFF
(1782743863.489907) can0 0DF1140B#FFF9FFFFFFFFFFFF
(1782743863.492207) can0 09F11206#FF9C4B0000A6F6FC
(1782743863.501323) can0 09F11306#FF0CF2FFFFFFFFFF
(1782743863.501324) can0 0DF11406#FFFFFFFFFFFFFFFF
(1782743863.504132) can0 09F8020B#FFFC86880000FFFF
(1782743863.507941) can0 09F10D0D#FF07FF7FFF7FFFFF
(1782743863.512149) can0 09FE1206#200CFF7FFF7FF4FF
(1782743863.512150) can0 09FE1206#210400FF7F0400FF
(1782743863.524082) can0 15FD060B#FFFFFF5874FB03FF
(1782743863.527295) can0 09F11323#B289660000FFFFFF
(1782743863.527296) can0 09F11223#A6435700002FF6FD
(1782743863.532094) can0 09F80206#FFFCACC50300FFFF
(1782743863.541317) can0 15FD0606#FFFFFFD473FC03FF
(1782743863.554152) can0 09FE120B#800CFF7FFF7F0200
(1782743863.554153) can0 09FE120B#810200FF7F0100FF
(1782743863.557562) can0 09F1050A#20153038FFFF7FFF
(1782743863.558654) can0 09F1050A#21FFFFFFD106D106
(1782743863.558656) can0 09F1050A#22FF7FFF7FFF7FFF
(1782743863.559865) can0 09F1050A#23FFFFFFFFFFFFFF
(1782743863.561564) can0 15FD0A06#FF000030930F00FF
(1782743863.574089) can0 0DF1190B#FFB34C8801DCFEFF
(1782743863.574090) can0 09F1120B#FFB34CFF7FA6F6FC
(1782743863.584218) can0 09F1130B#FF5B280000FFFFFF
(1782743863.584219) can0 0DF1140B#FFF9FFFFFFFFFFFF
(1782743863.592135) can0 09F11206#FF9B4B0000A6F6FC
(1782743863.601561) can0 09F11306#FFB3F3FFFFFFFFFF
(1782743863.601562) can0 0DF11406#FFFFFFFFFFFFFFFF
(1782743863.627213) can0 09F11323#B3436F0000FFFFFF
(1782743863.628413) can0 09F80223#D0FC34EB0000FFFF
(1782743863.628415) can0 09F11223#A7555700002FF6FD
(1782743863.657381) can0 09F10D0D#FF07FF7FFF7FFFFF
(1782743863.657382) can0 09F10D0A#FF07F4FDFF7FFFFF
(1782743863.674122) can0 0DF1190B#FFB34C8801DAFEFF
(1782743863.674123) can0 09F1120B#FFB34CFF7FA6F6FC
(1782743863.683647) can0 09F1130B#FF672B0000FFFFFF
(1782743863.684848) can0 0DF1140B#FFF9FFFFFFFFFFFF
(1782743863.684849) can0 15FD0A0B#FF00002E900F00FF
(1782743863.691657) can0 09F11206#FF9B4B0000A6F6FC
(1782743863.701180) can0 09F11306#FF36F5FFFFFFFFFF
(1782743863.701182) can0 0DF11406#FFFFFFFFFFFFFFFF
(1782743863.712911) can0 19FA0906#A00FFFFD0B01D700
(1782743863.714010) can0 19FA0906#A1C40000E2040000
(1782743863.715113) can0 19FA0906#A2E204FFFFFFFFFF
(1782743863.722942) can0 19F2140F#00CB0502005C7D00
(1782743863.727344) can0 09FD0223#7AE200443CF8FFFF
(1782743863.728544) can0 09F11323#B444570000FFFFFF
(1782743863.728545) can0 15FD0723#BBC16374FF7FF803
(1782743863.729746) can0 09F11223#A8555700002FF6FD
(1782743863.754105) can0 09F8020B#FFFC54840000FFFF
(1782743863.757753) can0 09F1050A#40153038FFFF7FFF
(1782743863.758822) can0 09F1050A#41FFFFFFD106D106
(1782743863.758823) can0 09F1050A#42FF7FFF7FFF7FFF
(1782743863.758824) can0 09F1050A#43FFFFFFFFFFFFFF
(1782743863.761793) can0 09F10D0D#FF07FF7FFF7FFFFF
(1782743863.762828) can0 09FE1206#400CFF7FFF7FF4FF
(1782743863.762829) can0 09FE1206#410200FF7F0200FF
(1782743863.771847) can0 0DF01006#FFF0995070BC631F
(1782743863.774152) can0 0DF1190B#FFB14C8601D7FEFF
(1782743863.774153) can0 09F1120B#FFB14CFF7FA6F6FC
(1782743863.775252) can0 15FD0C0B#FF00017A8B04FFFF
(1782743863.781267) can0 09F80206#FFFCACC50300FFFF
(1782743863.784276) can0 09F1130B#FFD02C0000FFFFFF
(1782743863.784278) can0 0DF1140B#FFF9FFFFFFFFFFFF
(1782743863.791993) can0 09F11206#FF9E4B0000A6F6FC
(1782743863.801210) can0 09F11306#FFA3F6FFFFFFFFFF
(1782743863.801211) can0 0DF11406#FFFFFFFFFFFFFFFF
(1782743863.804618) can0 09FE120B#A00CFF7FFF7F0100
(1782743863.804619) can0 09FE120B#A10200FF7F0100FF
(1782743863.812143) can0 15FD0C06#FF0001488604FFFF
(1782743863.827370) can0 09F11323#B5E80A0000FFFFFF
(1782743863.828478) can0 09F80223#D1FC06F20500FFFF
(1782743863.828479) can0 09F11223#A9555700002FF6FD
(1782743863.832083) can0 0DF11906#FF9D4B9A008AFFFF
(1782743863.874086) can0 0DF1190B#FFAF4C8401D1FEFF
(1782743863.874087) can0 09F1120B#FFAF4CFF7FA6F6FC
(1782743863.881395) can0 0DFE1106#A00EC1FFACC50300
(1782743863.881396) can0 0DFE1106#A19D4BFFFFFFFFFF
(1782743863.882496) can0 0DFE1106#A2FFFFFFFFFFFFFF
(1782743863.884198) can0 09F1130B#FFCB2D0000FFFFFF
(1782743863.884199) can0 0DF1140B#FFF9FFFFFFFFFFFF
(1782743863.893225) can0 09F11206#FF9D4B0000A6F6FC
(1782743863.901241) can0 09F11306#FFECF7FFFFFFFFFF
(1782743863.901242) can0 0DF11406#FFFFFFFFFFFFFFFF
(1782743863.909272) can0 09F10D0D#FF07FF7FFF7FFFFF
(1782743863.909273) can0 09F10D0A#FF07F4FDFF7FFFFF
(1782743863.927313) can0 09F11323#B68B1E0000FFFFFF
(1782743863.927313) can0 09F11223#AA555700002FF6FD
(1782743863.974106) can0 0DF0100B#FFF0995080E3631F
(1782743863.974106) can0 0DFE110B#A00EC1FF1F800000
(1782743863.975306) can0 0DFE110B#A1AF4CFFFFFFFFFF
(1782743863.975307) can0 0DFE110B#A2FFFFFFFFFFFFFF
(1782743863.976415) can0 0DF1190B#FFAF4C8501CEFEFF
(1782743863.976416) can0 09F1120B#FFAF4CFF7FA6F6FC
(1782743863.977512) can0 09FD0223#7BE70097E4FAFFFF
(1782743863.984233) can0 09F1130B#FF2E2E0000FFFFFF
(1782743863.985344) can0 0DF1140B#FFF9FFFFFFFFFFFF
(1782743863.992151) can0 09F11206#FF9E4B0000A6F6FC
(1782743864.001490) can0 09F11306#FFF7F8FFFFFFFFFF
(1782743864.001490) can0 0DF11406#FF0000FFFFFFFFFF
(1782743864.002862) can0 19FA0306#FFD350006400FF7F
(1782743864.004176) can0 09F8020B#FFFC777F0000FFFF
(1782743864.008060) can0 09F1050A#60153038FFFF7FFF
(1782743864.009993) can0 09F1050A#61FFFFFFD106D106
(1782743864.009993) can0 09F1050A#62FF7FFF7FFF7FFF
(1782743864.011101) can0 09F1050A#63FFFFFFFFFFFFFF
(1782743864.011103) can0 09F10D0D#FF07FF7FFF7FFFFF
(1782743864.012494) can0 09FE1206#600CFF7FFF7FEDFF
(1782743864.012495) can0 09FE1206#610200FF7F0200FF
(1782743864.024164) can0 15FD060B#FFFFFF5974FB03FF
(1782743864.027551) can0 09F11323#B78A360000FFFFFF
(1782743864.028638) can0 09F80223#D2FC3F050000FFFF
(1782743864.028639) can0 09F11223#AB555700002FF6FD
(1782743864.032039) can0 09F80206#FFFCACC50300FFFF
(1782743864.041259) can0 15FD0606#FFFFFFD473FC03FF
(1782743864.052088) can0 19FA0406#E0ABFFFD0E152D35
(1782743864.052089) can0 19FA0406#E14E95EC13000000
(1782743864.053211) can0 19FA0406#E200F50BC431AE0F
(1782743864.053212) can0 19FA0406#E38813C0F2FCFFF5
(1782743864.054484) can0 09FE120B#C00CFF7FFF7F0100
(1782743864.054484) can0 09FE120B#C10200FF7F0100FF
(1782743864.055591) can0 19FA0406#E405F31B7D9DC012
(1782743864.055591) can0 19FA0406#E5400D0300F50696
(1782743864.055592) can0 19FA0406#E61AD033C0126079
(1782743864.057204) can0 19FA0406#E7FEFFF50CD115AB
(1782743864.057205) can0 19FA0406#E8A5941100000000
(1782743864.058299) can0 19FA0406#E9F50968127F2530
(1782743864.058299) can0 19FA0406#EA11400D0300F50D
(1782743864.059408) can0 19FA0406#EB68125AA63011FF
(1782743864.059408) can0 19FA0406#ECFFFF7FF013B911
(1782743864.061117) can0 19FA0406#EDC45ECC106079FE
(1782743864.061118) can0 19FA0406#EEFFF519B9114DC2
(1782743864.062377) can0 19FA0406#EFE40CA0860100F5
(1782743864.062378) can0 19FA0406#F01D8B0964D56810
(1782743864.062379) can0 19FA0406#F1400D0300F50468
(1782743864.063413) can0 19FA0406#F2037314D80EC027
(1782743864.063414) can0 19FA0406#F30900F514BA0266
(1782743864.063415) can0 19FA0406#F47B6810FFFFFF7F
(1782743864.064974) can0 19FA0406#F5F02C5C1094A1CC
(1782743864.064974) can0 19FA0406#F610FFFFFF7FF52E
(1782743864.066163) can0 19FA0406#F7390A65A8CC10FF
(1782743864.066164) can0 19FA0406#F8FFFF7FF5FFFFFF
(1782743864.074137) can0 0DF1190B#FFAE4C8601CBFEFF
(1782743864.074138) can0 09F1120B#FFAE4CFF7FA6F6FC
(1782743864.082759) can0 18EA0F0A#00EE00
(1782743864.084257) can0 09F1130B#FF332D0000FFFFFF
(1782743864.084258) can0 0DF1140B#FFF9FFFFFFFFFFFF
(1782743864.092178) can0 09F11206#FF9D4B0000A6F6FC
(1782743864.098788) can0 18EEFF0F#582136E800C8A0C0
(1782743864.101783) can0 09F11306#FFC1F9FFFFFFFFFF
(1782743864.102903) can0 0DF11406#FF0000FFFFFFFFFF
(1782743864.102904) can0 0DF50B03#C00E0100000000FF
(1782743864.110049) can0 09F10D0A#FF07F4FDFF7FFFFF
(1782743864.110051) can0 09F50305#00FFFFFFFFFFFFFF
(1782743864.112323) can0 19F11A06#FFF8784EA6F6FFFF
(1782743864.127359) can0 09F11323#B875E1FFFFFFFFFF
(1782743864.127360) can0 09F11223#AC665700002FF6FD
(1782743864.132069) can0 18EA030A#00EE00
(1782743864.133674) can0 18EEFF03#57782422088732C0
(1782743864.157333) can0 09F10D0D#FF07FF7FFF7FFFFF
(1782743864.174064) can0 0DF1190B#FFAE4C8801C8FEFF
(1782743864.174065) can0 09F1120B#FFAE4CFF7FA6F6FC
(1782743864.185120) can0 09F1130B#FFB12B0000FFFFFF
(1782743864.188397) can0 0DF1140B#FFF9FFFFFFFFFFFF
(1782743864.192209) can0 09F11206#FF9C4B0000A6F6FC
(1782743864.201575) can0 09F11306#FF74FAFFFFFFFFFF
(1782743864.201576) can0 0DF11406#FF0000FFFFFFFFFF
(1782743864.227291) can0 09FD0223#7CE200B23DF8FFFF
(1782743864.227292) can0 0DF01023#D2F0995068E7631F
(1782743864.228996) can0 1DF11A23#DCF599502FF6FFFF
(1782743864.230096) can0 0DF11923#DCFF7F6E01BF00FF
(1782743864.231297) can0 09F11323#B901D0FFFFFFFFFF
(1782743864.233904) can0 09F80223#D3FC9DF40500FFFF
(1782743864.235215) can0 19FA0323#D3DB5A008200FF7F
(1782743864.236405) can0 15FD0723#BCC16374FF7FF803
(1782743864.239467) can0 15FD0823#FF00016374FFFFFF
(1782743864.240516) can0 15FD0A23#FF0000EC810F00FF
(1782743864.240517) can0 09F11223#AD665700002FF6FD
(1782743864.253316) can0 09F8020B#FFFC747A0100FFFF
(1782743864.257071) can0 09F1050A#80153038FFFF7FFF
(1782743864.258436) can0 09F1050A#81FFFFFFD106D106
(1782743864.258437) can0 09F1050A#82FF7FFF7FFF7FFF
(1782743864.258437) can0 09F1050A#83FFFFFFFFFFFFFF
(1782743864.259658) can0 09F10D0D#FF07FF7FFF7FFFFF
(1782743864.261663) can0 09FE1206#800CFF7FFF7FEDFF
(1782743864.261664) can0 09FE1206#811700FF7F1700FF
(1782743864.274096) can0 0DF1190B#FFAE4C8A01C7FEFF
(1782743864.274097) can0 09F1120B#FFAE4CFF7FA6F6FC
(1782743864.275200) can0 19FA0423#8093D3FF0C041704
(1782743864.276734) can0 19FA030B#FFD332005000FF7F
(1782743864.278959) can0 19FA0423#812215740EFFFFFF
(1782743864.281210) can0 19FA0423#827FF505451B7C9D
(1782743864.281211) can0 09F80206#FFFCACC50300FFFF
(1782743864.284215) can0 09F1130B#FFB5290000FFFFFF
(1782743864.284217) can0 0DF1140B#FFF9FFFFFFFFFFFF
(1782743864.286285) can0 19FA0423#830410FFFFFF7FF5
(1782743864.287325) can0 19FA0423#8406E819D033A00F
(1782743864.290043) can0 19FA0423#85FFFFFF7FF50968
(1782743864.292135) can0 09F11206#FF9C4B0000A6F6FC
(1782743864.293234) can0 19FA0423#86127F256009FFFF
(1782743864.296241) can0 19FA0423#87FF7FF50B67305C
(1782743864.299252) can0 19FA0423#8810A00FFFFFFF7F
(1782743864.301401) can0 09F11306#FF0BFBFFFFFFFFFF
(1782743864.301403) can0 0DF11406#FF0000FFFFFFFFFF
(1782743864.302459) can0 19FA0423#89F50CD01559A6CC
(1782743864.305862) can0 09FE120B#E00CFF7FFF7F0000
(1782743864.305863) can0 09FE120B#E10300FF7F0200FF
(1782743864.306970) can0 19FA0423#8A10FFFFFF7FF50D
(1782743864.312182) can0 19FA0423#8B681207A7A00FFF
(1782743864.314883) can0 19FA0423#8CFFFF7FF113B911
(1782743864.317305) can0 19FA0423#8DC35E1C0CFFFFFF
(1782743864.320298) can0 19FA0423#8E7FF515D033FC95
(1782743864.324838) can0 19FA0423#8FCC10FFFFFF7FF5
(1782743864.326310) can0 19FA0423#90190B114DC2A00F
(1782743864.326311) can0 09F11323#BA19C5FFFFFFFFFF
(1782743864.327914) can0 09F11223#AE665700002FF6FD
(1782743864.330313) can0 19FA0423#91FFFFFF7FF51D8B
(1782743864.333321) can0 19FA0423#920912D6740EFFFF
(1782743864.335835) can0 19FA0423#93FF7FF530450C59
(1782743864.339253) can0 19FA0423#94A63C0FFFFFFF7F
(1782743864.343816) can0 19FA0423#95F1FFFFFFFFFFFF
(1782743864.359187) can0 09F10D0D#FF07FF7FFF7FFFFF
(1782743864.359189) can0 09F10D0A#FF07F4FDFF7FFFFF
(1782743864.374121) can0 19F11A0B#FFF8784EA6F6FFFF
(1782743864.374121) can0 0DF1190B#FFAE4C8B01C5FEFF
(1782743864.375229) can0 09F1120B#FFAE4CFF7FA6F6FC
(1782743864.384247) can0 09F1130B#FF03270000FFFFFF
(1782743864.384248) can0 0DF1140B#FFF9FFFFFFFFFFFF
(1782743864.391963) can0 09F11206#FF9B4B0000A6F6FC
(1782743864.401283) can0 09F11306#FF46FBFFFFFFFFFF
(1782743864.401284) can0 0DF11406#FF0000FFFFFFFFFF
(1782743864.427346) can0 09F11323#BBD485FFFFFFFFFF
(1782743864.429144) can0 09F80223#D4FC12D60000FFFF
(1782743864.429144) can0 09F11223#AF665700002FF6FD
(1782743864.458117) can0 09F1050A#A0153038FFFF7FFF
(1782743864.458118) can0 09F1050A#A1FFFFFFD106D106
(1782743864.459331) can0 09F1050A#A2FF7FFF7FFF7FFF
(1782743864.459331) can0 09F1050A#A3FFFFFFFFFFFFFF
(1782743864.460421) can0 09F10D0D#FF07FF7FFF7FFFFF
(1782743864.474149) can0 0DF1190B#FFAE4C8E01C4FEFF
(1782743864.474150) can0 09F1120B#FFAE4CFF7FA6F6FC
(1782743864.475252) can0 19FA040B#209FFFFF0D049E03
(1782743864.475252) can0 19FA040B#21FA14A00FFFFFFF
(1782743864.476354) can0 19FA040B#227FF505841BA09D
(1782743864.476354) can0 19FA040B#233C0FFFFFFF7FF5
(1782743864.477469) can0 09FD0223#7DE200A9E4FAFFFF
(1782743864.477470) can0 19FA040B#24062D1ABC339411
(1782743864.478665) can0 19FA040B#25FFFFFF7FF50953
(1782743864.478666) can0 19FA040B#261275250410FFFF
(1782743864.479768) can0 19FA040B#27FF7FF50B5C3010
(1782743864.479770) can0 19FA040B#2810F811FFFFFF7F
(1782743864.480868) can0 19FA040B#29F50C0C1629A630
(1782743864.480869) can0 19FA040B#2A11FFFFFF7FF513
(1782743864.481971) can0 19FA040B#2BA211E15E3011FF
(1782743864.481972) can0 19FA040B#2CFFFF7FF5144F03
(1782743864.483072) can0 19FA040B#2D647BE40CFFFFFF
(1782743864.483073) can0 19FA040B#2E7FF41536348096
(1782743864.484274) can0 19FA040B#2FC012FFFFFF7FF5
(1782743864.484275) can0 19FA040B#30194E117CC2A00F
(1782743864.485376) can0 19FA040B#31FFFFFF7FF51D72
(1782743864.485376) can0 19FA040B#320915D63C0FFFFF
(1782743864.486479) can0 19FA040B#33FF7FF52C5D1094
(1782743864.486480) can0 19FA040B#34A13011FFFFFF7F
(1782743864.487581) can0 19FA040B#35F530460C5AA630
(1782743864.487582) can0 19FA040B#3611FFFFFF7FF5FF
(1782743864.489987) can0 09F1130B#FF48240000FFFFFF
(1782743864.489988) can0 0DF1140B#FFF9FFFFFFFFFFFF
(1782743864.492191) can0 09F11206#FF9A4B0000A6F6FC
(1782743864.501318) can0 09F11306#FF9BFBFFFFFFFFFF
(1782743864.501319) can0 0DF11406#FF0000FFFFFFFFFF
(1782743864.504133) can0 09F8020B#FFFC51750100FFFF
(1782743864.512146) can0 09FE1206#A00CFF7FFF7FEDFF
(1782743864.512147) can0 09FE1206#A11600FF7F1600FF
(1782743864.524067) can0 15FD060B#FFFFFF5974FB03FF
(1782743864.527386) can0 09F11323#BCBD78FFFFFFFFFF
(1782743864.527388) can0 09F11223#B0785700002FF6FD
(1782743864.531987) can0 09F80206#FFFCACC50300FFFF
(1782743864.541305) can0 15FD0606#FFFFFFD473FC03FF
(1782743864.554139) can0 09FE120B#000CFF7FFF7F0000
(1782743864.554140) can0 09FE120B#010300FF7F0200FF
(1782743864.556144) can0 09F10D0D#FF07FF7FFF7FFFFF
(1782743864.556146) can0 09F10D0A#FF07F4FDFF7FFFFF
(1782743864.574100) can0 0DF1190B#FFAE4C8F01C2FEFF
(1782743864.574101) can0 09F1120B#FFAE4CFF7FA6F6FC
(1782743864.584316) can0 09F1130B#FF7B210000FFFFFF
(1782743864.584317) can0 0DF1140B#FFFAFFFFFFFFFFFF
(1782743864.592227) can0 09F11206#FF9A4B0000A6F6FC
(1782743864.601052) can0 09F11306#FFDFFBFFFFFFFFFF
(1782743864.602251) can0 0DF11406#FF0000FFFFFFFFFF
(1782743864.627312) can0 09F11323#BD5FBCFFFFFFFFFF
(1782743864.628513) can0 09F80223#D5FC0CE10000FFFF
(1782743864.628514) can0 09F11223#B1785700002FF6FD
(1782743864.674125) can0 0DF1190B#FFAE4C9201C2FEFF
(1782743864.674126) can0 09F1120B#FFAE4CFF7FA6F6FC
(1782743864.684251) can0 09F1130B#FFE61D0000FFFFFF
(1782743864.684253) can0 0DF1140B#FFFAFFFFFFFFFFFF
(1782743864.692368) can0 09F11206#FF9A4B0000A6F6FC
(1782743864.701292) can0 09F11306#FFDDFBFFFFFFFFFF
(1782743864.701293) can0 0DF11406#FF0000FFFFFFFFFF
(1782743864.708109) can0 09F1050A#C0153038FFFF7FFF
(1782743864.709209) can0 09F1050A#C1FFFFFFD106D106
(1782743864.709210) can0 09F1050A#C2FF7FFF7FFF7FFF
(1782743864.710413) can0 09F1050A#C3FFFFFFFFFFFFFF
(1782743864.710415) can0 09F10D0D#FF07FF7FFF7FFFFF
(1782743864.712617) can0 19FA0906#C00FFFFD0B01D700
(1782743864.712619) can0 19FA0906#C1C40000E2040000
(1782743864.713718) can0 19FA0906#C2E204FFFFFFFFFF
(1782743864.727352) can0 09FD0223#7EE200503EF8FFFF
(1782743864.727353) can0 09F11323#BE5FA4FFFFFFFFFF
(1782743864.728561) can0 15FD0723#BDC16374FF7FF803
(1782743864.728562) can0 09F11223#B2785700002FF6FD
(1782743864.754118) can0 09F8020B#FFFC8C710000FFFF
(1782743864.757224) can0 09F10D0A#FF07F4FDFF7FFFFF
(1782743864.761537) can0 09FE1206#C00CFF7FFF7FEDFF
(1782743864.761538) can0 09FE1206#C11100FF7F1100FF
(1782743864.771958) can0 0DF01006#FFF0995080E3631F
(1782743864.774166) can0 0DF1190B#FFAF4C9601C3FEFF
(1782743864.774167) can0 09F1120B#FFAF4CFF7FA6F6FC
(1782743864.781284) can0 09F80206#FFFCACC50200FFFF
(1782743864.784189) can0 09F1130B#FFC9190000FFFFFF
(1782743864.784190) can0 0DF1140B#FFFAFFFFFFFFFFFF
(1782743864.792108) can0 09F11206#FF9A4B0000A6F6FC
(1782743864.801331) can0 09F11306#FF98FBFFFFFFFFFF
(1782743864.801331) can0 0DF11406#FF0000FFFFFFFFFF
(1782743864.804737) can0 09FE120B#200CFF7FFF7F0000
(1782743864.804738) can0 09FE120B#210300FF7F0200FF
(1782743864.807748) can0 09F10D0D#FF07FF7FFF7FFFFF
(1782743864.827397) can0 09F11323#BFEADAFFFFFFFFFF
(1782743864.828597) can0 09F80223#D6FCF6A60500FFFF
(1782743864.828598) can0 09F11223#B3785700002FF6FD
(1782743864.832209) can0 0DF11906#FF994BB1007EFFFF
(1782743864.874106) can0 0DF1190B#FFAB4C9A01C5FEFF
(1782743864.874106) can0 09F1120B#FFAB4CFF7FA6F6FC
(1782743864.881423) can0 0DFE1106#C00EC1FFACC50200
(1782743864.881423) can0 0DFE1106#C1994BFFFFFFFFFF
(1782743864.882625) can0 0DFE1106#C2FFFFFFFFFFFFFF
(1782743864.884332) can0 09F1130B#FFD6150000FFFFFF
(1782743864.884333) can0 0DF1140B#FFFAFFFFFFFFFFFF
(1782743864.892349) can0 09F11206#FF9A4B0000A6F6FC
(1782743864.901271) can0 09F11306#FF1CFBFFFFFFFFFF
(1782743864.901271) can0 0DF11406#FF0000FFFFFFFFFF
(1782743864.908188) can0 09F1050A#E0153038FFFF7FFF
(1782743864.909295) can0 09F1050A#E1FFFFFFD106D106
(1782743864.909297) can0 09F1050A#E2FF7FFF7FFF7FFF
(1782743864.910496) can0 09F1050A#E3FFFFFFFFFFFFFF
(1782743864.910497) can0 09F10D0D#FF07FF7FFF7FFFFF
(1782743864.927434) can0 09F11323#C0EADAFFFFFFFFFF
(1782743864.927436) can0 09F11223#B4895700002FF6FD
(1782743864.974146) can0 0DF0100B#FFF09950900A641F
(1782743864.974147) can0 0DFE110B#C00EC1FF236F0000
(1782743864.975349) can0 0DFE110B#C1AB4CFFFFFFFFFF
(1782743864.975350) can0 0DFE110B#C2FFFFFFFFFFFFFF
(1782743864.976453) can0 0DF1190B#FFAB4C9E01C6FEFF
(1782743864.976454) can0 09F1120B#FFAB4CFF7FA6F6FC
(1782743864.977554) can0 09FD0223#7FE2007AE5FAFFFF
(1782743864.985375) can0 09F1130B#FF2E120000FFFFFF
(1782743864.985375) can0 0DF1140B#FFFAFFFFFFFFFFFF
(1782743864.992189) can0 09F11206#FF994B0000A6F6FC
(1782743865.001326) can0 09F11306#FF74FAFFFFFFFFFF
(1782743865.001327) can0 0DF11406#FF0000FFFFFFFFFF
(1782743865.002415) can0 19FA0306#FFD350006400FF7F
(1782743865.004420) can0 09F8020B#FFFCEC6E0000FFFF
(1782743865.007733) can0 09F10D0D#FF07FF7FFF7FFFFF
(1782743865.007735) can0 09F10D0A#FF07F4FDFF7FFFFF
(1782743865.012342) can0 09FE1206#E00CFF7FFF7F1600
(1782743865.012343) can0 09FE1206#E10D00FF7F0D00FF
(1782743865.024169) can0 15FD060B#FFFFFF5974FB03FF
(1782743865.027475) can0 09F11323#C1A2130000FFFFFF
(1782743865.028576) can0 09F80223#D7FC87AE0500FFFF
(1782743865.028576) can0 09F11223#B5895700002FF6FD
(1782743865.031988) can0 09F80206#FFFCACC50200FFFF
(1782743865.041312) can0 15FD0606#FFFFFFD473FC03FF
(1782743865.044219) can0 15FD080B#FF00015974FFFFFF
(1782743865.052136) can0 19FA0406#00ABFFFD0E152D35
(1782743865.052137) can0 19FA0406#014E95EC13A08601
(1782743865.053246) can0 19FA0406#0200F50BC431AE0F
(1782743865.053247) can0 19FA0406#038813A0860100F5
(1782743865.054346) can0 09FE120B#400CFF7FFF7F0000
(1782743865.054346) can0 09FE120B#410400FF7F0300FF
(1782743865.055545) can0 19FA0406#0405F31B7D9DC012
(1782743865.055546) can0 19FA0406#05A0860100F50696
(1782743865.056645) can0 19FA0406#061AD033C0120000
(1782743865.056646) can0 19FA0406#070000F50CD115AB
(1782743865.057747) can0 19FA0406#08A59411C0F2FCFF
(1782743865.057748) can0 19FA0406#09F50968127F2594
(1782743865.058855) can0 19FA0406#0A116079FEFFF50D
(1782743865.058856) can0 19FA0406#0B68125AA63011FF
(1782743865.059957) can0 19FA0406#0CFFFF7FF013B911
(1782743865.059958) can0 19FA0406#0DC45ECC10000000
(1782743865.061059) can0 19FA0406#0E00F519B9114DC2
(1782743865.061061) can0 19FA0406#0F480D20A10700F5
(1782743865.062261) can0 19FA0406#101D8B0964D56810
(1782743865.062262) can0 19FA0406#11A0860100F50468
(1782743865.063362) can0 19FA0406#12037314D80EA086
(1782743865.063363) can0 19FA0406#130100F514BA0266
(1782743865.064470) can0 19FA0406#147B6810FFFFFF7F
(1782743865.064471) can0 19FA0406#15F02C5C1094A1CC
(1782743865.065570) can0 19FA0406#1610FFFFFF7FF52E
(1782743865.065571) can0 19FA0406#17390A65A8CC10FF
(1782743865.066673) can0 19FA0406#18FFFF7FF5FFFFFF
(1782743865.074193) can0 0DF1190B#FFAC4CA201C9FEFF
(1782743865.074194) can0 09F1120B#FFAC4CFF7FA6F6FC
(1782743865.084317) can0 09F1130B#FF170F0000FFFFFF
(1782743865.084318) can0 0DF1140B#FFFAFFFFFFFFFFFF
(1782743865.092232) can0 09F11206#FF994B0000A6F6FC
(1782743865.101057) can0 09F11306#FFB8F9FFFFFFFFFF
(1782743865.102260) can0 0DF11406#FF0000FFFFFFFFFF
(1782743865.102262) can0 0DF50B03#C10E0100000000FF
(1782743865.108971) can0 09F1050A#00153038FFFF7FFF
(1782743865.108971) can0 09F1050A#01FFFFFFD106D106
(1782743865.110178) can0 09F1050A#02FF7FFF7FFF7FFF
(1782743865.110179) can0 09F1050A#03FFFFFFFFFFFFFF
(1782743865.111376) can0 09F50305#00FFFFFFFFFFFFFF
(1782743865.112483) can0 19F11A06#FFF8784EA6F6FFFF
(1782743865.127418) can0 09F11323#C28B060000FFFFFF
(1782743865.127419) can0 09F11223#B6895700002FF6FD
(1782743865.157601) can0 09F10D0D#FF07FF7FFF7FFFFF
(1782743865.174132) can0 0DF1190B#FFAC4CA501CCFEFF
(1782743865.174134) can0 09F1120B#FFAC4CFF7FA6F6FC
(1782743865.184357) can0 09F1130B#FF500C0000FFFFFF
(1782743865.188774) can0 0DF1140B#FFFAFFFFFFFFFFFF
(1782743865.192173) can0 09F11206#FF994B0000A6F6FC
(1782743865.201395) can0 09F11306#FF0BF9FFFFFFFFFF
(1782743865.201396) can0 0DF11406#FF0000FFFFFFFFFF
(1782743865.221845) can0 09FF220A#400C419FFFFF64FF
(1782743865.222954) can0 09FF220A#4139006D000300FF
(1782743865.222955) can0 1DFF280A#802C419F6D002801
(1782743865.224149) can0 19F2140F#00CC050200607D00
(1782743865.225276) can0 1DFF280A#814E6F2072756464
(1782743865.225278) can0 1DFF280A#8265722064617461
(1782743865.225278) can0 1DFF280A#832E205374656572
(1782743865.226861) can0 1DFF280A#84696E6720697320
(1782743865.226861) can0 1DFF280A#85756E72656C6961
(1782743865.227960) can0 09FD0223#80E2005B3DF8FFFF
(1782743865.227960) can0 1DFF280A#86626C65FFFFFFFF
(1782743865.229063) can0 0DF01023#D7F09950780E641F
(1782743865.230167) can0 1DF11A23#DDF599502FF6FFFF
(1782743865.231501) can0 0DF11923#DDFF7FA2019D00FF
(1782743865.231502) can0 09F11323#C3B8500000FFFFFF
(1782743865.233690) can0 09F80223#D8FC64B70500FFFF
(1782743865.234785) can0 19FA0323#D8DB5A008200FF7F
(1782743865.235988) can0 15FD0723#BEC16374FF7FF803
(1782743865.235989) can0 09F11223#B7895700002FF6FD
(1782743865.254224) can0 09F8020B#FFFC926E0000FFFF
(1782743865.258541) can0 09F10D0D#FF07FF7FFF7FFFFF
(1782743865.258542) can0 09F10D0A#FF07F4FDFF7FFFFF
(1782743865.261545) can0 15FD0806#FF0001D473FFFFFF
(1782743865.261547) can0 09FE1206#000CFF7FFF7F1600
(1782743865.262746) can0 09FE1206#010500FF7F0500FF
(1782743865.270463) can0 19FA0423#A093D8FF0C041704
(1782743865.273469) can0 19FA0423#A12215740EFFFFFF
(1782743865.273469) can0 0DF1190B#FFAD4CA701CFFEFF
(1782743865.274872) can0 09F1120B#FFAD4CFF7FA6F6FC
(1782743865.276078) can0 19FA030B#FFD332005000FF7F
(1782743865.276078) can0 19FA0423#A27FF505451B7C9D
(1782743865.279393) can0 19FA0423#A3A00FFFFFFF7FF5
(1782743865.281586) can0 09F80206#FFFCACC50200FFFF
(1782743865.282688) can0 19FA0423#A406E819D0330410
(1782743865.284400) can0 09F1130B#FFFA090000FFFFFF
(1782743865.284401) can0 0DF1140B#FFFAFFFFFFFFFFFF
(1782743865.285499) can0 19FA0423#A5FFFFFF7FF50968
(1782743865.288905) can0 19FA0423#A6127F256009FFFF
(1782743865.291429) can0 19FA0423#A7FF7FF50B67305C
(1782743865.291430) can0 09F11206#FF9A4B0000A6F6FC
(1782743865.294422) can0 19FA0423#A810A00FFFFFFF7F
(1782743865.297425) can0 19FA0423#A9F50CD01559A668
(1782743865.300442) can0 19FA0423#AA10FFFFFF7FF50D
(1782743865.300443) can0 09F11306#FF7EF8FFFFFFFFFF
(1782743865.302036) can0 0DF11406#FF0000FFFFFFFFFF
(1782743865.303441) can0 19FA0423#AB681207A70410FF
(1782743865.303442) can0 09FE120B#600CFF7FFF7F0100
(1782743865.304843) can0 09FE120B#610400FF7F0300FF
(1782743865.308463) can0 09F1050A#20153038FFFF7FFF
(1782743865.309555) can0 09F1050A#21FFFFFFD106D106
(1782743865.309556) can0 09F1050A#22FF7FFF7FFF7FFF
(1782743865.310764) can0 09F1050A#23FFFFFFFFFFFFFF
(1782743865.311858) can0 19FA0423#ACFFFF7FF113B911
(1782743865.314465) can0 19FA0423#ADC35EB80BFFFFFF
(1782743865.317483) can0 19FA0423#AE7FF515D033FC95
(1782743865.320482) can0 19FA0423#AFCC10FFFFFF7FF5
(1782743865.323490) can0 19FA0423#B0190B114DC23C0F
(1782743865.326495) can0 19FA0423#B1FFFFFF7FF51D8B
(1782743865.326496) can0 09F11323#C4E7520000FFFFFF
(1782743865.328110) can0 09F11223#B8895700002FF6FD
(1782743865.330508) can0 19FA0423#B20912D6740EFFFF
(1782743865.333418) can0 19FA0423#B3FF7FF530450C59
(1782743865.336021) can0 19FA0423#B4A63C0FFFFFFF7F
(1782743865.339330) can0 19FA0423#B5F1FFFFFFFFFFFF
(1782743865.359078) can0 09F10D0D#FF07FF7FFF7FFFFF
(1782743865.374211) can0 19F11A0B#FFF8784EA6F6FFFF
(1782743865.374212) can0 0DF1190B#FFAE4CA901D3FEFF
(1782743865.375312) can0 09F1120B#FFAE4CFF7FA6F6FC
(1782743865.384345) can0 09F1130B#FFA7080000FFFFFF
(1782743865.384346) can0 0DF1140B#FFFAFFFFFFFFFFFF
(1782743865.392160) can0 09F11206#FF9B4B0000A6F6FC
(1782743865.401381) can0 09F11306#FFE7F7FFFFFFFFFF
(1782743865.401382) can0 0DF11406#FF0000FFFFFFFFFF
(1782743865.427540) can0 09F11323#C5FE470000FFFFFF
(1782743865.428640) can0 09F80223#D9FC35BE0500FFFF
(1782743865.428641) can0 09F11223#B9665700002FF6FD
(1782743865.474253) can0 0DF1190B#FFAF4CAC01D7FEFF
(1782743865.474254) can0 09F1120B#FFAF4CFF7FA6F6FC
(1782743865.475356) can0 19FA040B#409FFFFF0D049D03
(1782743865.476457) can0 19FA040B#41FA14A00FFFFFFF
(1782743865.477560) can0 09FD0223#81E2007AE5FAFFFF
(1782743865.478763) can0 19FA040B#427FF505861BA19D
(1782743865.479867) can0 19FA040B#43740EFFFFFF7FF5
(1782743865.480967) can0 19FA040B#44062C1ABD339411
(1782743865.482174) can0 19FA040B#45FFFFFF7FF50952
(1782743865.483281) can0 19FA040B#46127325A00FFFFF
(1782743865.484376) can0 19FA040B#47FF7FF50B5B3014
(1782743865.484377) can0 19FA040B#4810F811FFFFFF7F
(1782743865.485486) can0 19FA040B#49F50C0B1628A630
(1782743865.485487) can0 19FA040B#4A11FFFFFF7FF513
(1782743865.486685) can0 19FA040B#4BA011E25E3011FF
(1782743865.486685) can0 19FA040B#4CFFFF7FF5145003
(1782743865.487785) can0 19FA040B#4D647BB80BFFFFFF
(1782743865.487786) can0 19FA040B#4E7FF41538348196
(1782743865.488888) can0 19FA040B#4FC012FFFFFF7FF5
(1782743865.488889) can0 19FA040B#50194E117AC2A00F
(1782743865.489992) can0 19FA040B#51FFFFFF7FF51D73
(1782743865.489993) can0 19FA040B#520915D6D80EFFFF
(1782743865.491095) can0 19FA040B#53FF7FF52C5D1094
(1782743865.491096) can0 19FA040B#54A13011FFFFFF7F
(1782743865.492196) can0 19FA040B#55F530460C5AA630
(1782743865.492197) can0 19FA040B#5611FFFFFF7FF5FF
(1782743865.493400) can0 09F11206#FF9B4B0000A6F6FC
(1782743865.494505) can0 09F1130B#FFCA070000FFFFFF
(1782743865.495704) can0 0DF1140B#FFFAFFFFFFFFFFFF
(1782743865.501528) can0 09F11306#FF60F7FFFFFFFFFF
(1782743865.501529) can0 0DF11406#FF0000FFFFFFFFFF
(1782743865.504224) can0 09F8020B#FFFC93730000FFFF
(1782743865.508243) can0 09F10D0D#FF07FF7FFF7FFFFF
(1782743865.508244) can0 09F10D0A#FF07F4FDFF7FFFFF
(1782743865.512245) can0 09FE1206#200CFF7FFF7F1600
(1782743865.512247) can0 09FE1206#210D00FF7F0D00FF
(1782743865.524178) can0 15FD060B#FFFFFF5974FB03FF
(1782743865.527483) can0 09F11323#C62C620000FFFFFF
(1782743865.527484) can0 09F11223#BA665700002FF6FD
(1782743865.532092) can0 09F80206#FFFCACC50200FFFF
(1782743865.541519) can0 15FD0606#FFFFFFD473FC03FF
(1782743865.554347) can0 09FE120B#800CFF7FFF7F0100
(1782743865.554348) can0 09FE120B#810400FF7F0300FF
(1782743865.558060) can0 09F1050A#40153038FFFF7FFF
(1782743865.559257) can0 09F1050A#41FFFFFFD106D106
(1782743865.559258) can0 09F1050A#42FF7FFF7FFF7FFF
(1782743865.560360) can0 09F1050A#43FFFFFFFFFFFFFF
(1782743865.561763) can0 15FD0A06#FF0000FE920F00FF
(1782743865.574195) can0 0DF1190B#FFB04CAF01DAFEFF
(1782743865.574197) can0 09F1120B#FFB04CFF7FA6F6FC
(1782743865.584418) can0 09F1130B#FF46070000FFFFFF
(1782743865.584419) can0 0DF1140B#FFFAFFFFFFFFFFFF
(1782743865.592338) can0 09F11206#FF9C4B0000A6F6FC
(1782743865.602361) can0 09F11306#FFB2F6FFFFFFFFFF
(1782743865.603464) can0 0DF11406#FF0000FFFFFFFFFF
(1782743865.609477) can0 09F10D0D#FF07FF7FFF7FFFFF
(1782743865.627527) can0 09F11323#C7FD770000FFFFFF
(1782743865.628725) can0 09F80223#DAFCA4BF0500FFFF
(1782743865.628726) can0 09F11223#BB665700002FF6FD
(1782743865.674245) can0 0DF1190B#FFB04CB101DEFEFF
(1782743865.674246) can0 09F1120B#FFB04CFF7FA6F6FC
(1782743865.684360) can0 09F1130B#FF75070000FFFFFF
(1782743865.684361) can0 0DF1140B#FFFAFFFFFFFFFFFF
(1782743865.685461) can0 15FD0A0B#FF00004C900F00FF
(1782743865.692379) can0 09F11206#FF9C4B0000A6F6FC
(1782743865.701402) can0 09F11306#FF2FF6FFFFFFFFFF
(1782743865.701403) can0 0DF11406#FF0000FFFFFFFFFF
(1782743865.708320) can0 09F10D0A#FF07F4FDFF7FFFFF
(1782743865.712928) can0 19FA0906#E00FFFFD0B01D700
(1782743865.712929) can0 19FA0906#E1C40000E2040000
(1782743865.714132) can0 19FA0906#E2E204FFFFFFFFFF
(1782743865.727566) can0 09FD0223#82DD00903DF8FFFF
(1782743865.727567) can0 09F11323#C85B4C0000FFFFFF
(1782743865.728768) can0 15FD0723#BFC16374FF7FF803
(1782743865.728770) can0 09F11223#BC785700002FF6FD
(1782743865.754230) can0 09F8020B#FFFC82800000FFFF
(1782743865.757437) can0 09F1050A#60153038FFFF7FFF
(1782743865.758539) can0 09F1050A#61FFFFFFD106D106
(1782743865.758540) can0 09F1050A#62FF7FFF7FFF7FFF
(1782743865.759740) can0 09F1050A#63FFFFFFFFFFFFFF
(1782743865.759741) can0 09F10D0D#FF07FF7FFF7FFFFF
(1782743865.761845) can0 09FE1206#400CFF7FFF7F1600
(1782743865.761845) can0 09FE1206#410300FF7F0300FF
(1782743865.772071) can0 0DF01006#FFF09950900A641F
(1782743865.774382) can0 0DF1190B#FFB14CB301DFFEFF
(1782743865.774384) can0 09F1120B#FFB14CFF7FA6F6FC
(1782743865.775484) can0 15FD0C0B#FF00017A8B04FFFF
(1782743865.781393) can0 09F80206#FFFCACC50300FFFF
(1782743865.784404) can0 09F1130B#FF5F080000FFFFFF
(1782743865.784405) can0 0DF1140B#FFFAFFFFFFFFFFFF
(1782743865.792223) can0 09F11206#FFA24B0000A6F6FC
(1782743865.801444) can0 09F11306#FFE6F5FFFFFFFFFF
(1782743865.801445) can0 0DF11406#FF0000FFFFFFFFFF
(1782743865.804749) can0 09FE120B#A00CFF7FFF7F0100
(1782743865.804750) can0 09FE120B#A10400FF7F0300FF
(1782743865.812269) can0 15FD0C06#FF0001528604FFFF
(1782743865.827603) can0 09F11323#C9FE5F0000FFFFFF
(1782743865.828711) can0 09F80223#DBFCEB8F0000FFFF
(1782743865.828712) can0 09F11223#BD785700002FF6FD
(1782743865.832220) can0 0DF11906#FFA24BC50096FFFF
(1782743865.874317) can0 0DF1190B#FFAF4CB301E0FEFF
(1782743865.874318) can0 09F1120B#FFAF4CFF7FA6F6FC
(1782743865.881539) can0 0DFE1106#E00EC1FFACC50300
(1782743865.881540) can0 0DFE1106#E1A14BFFFFFFFFFF
(1782743865.882739) can0 0DFE1106#E2FFFFFFFFFFFFFF
(1782743865.884442) can0 09F1130B#FFFB090000FFFFFF
(1782743865.884443) can0 0DF1140B#FFFAFFFFFFFFFFFF
(1782743865.892458) can0 09F11206#FFA24B0000A6F6FC
(1782743865.901485) can0 09F11306#FF15F6FFFFFFFFFF
(1782743865.901486) can0 0DF11406#FF0000FFFFFFFFFF
(1782743865.908406) can0 09F10D0D#FF07FF7FFF7FFFFF
(1782743865.908406) can0 09F10D0A#FF07F4FDFF7FFFFF
(1782743865.927647) can0 09F11323#CAD0450000FFFFFF
(1782743865.927648) can0 09F11223#BE435700002FF6FD
(1782743865.974360) can0 0DF0100B#FFF09950A031641F
(1782743865.974370) can0 0DFE110B#E00EC1FF3A8D0000
(1782743865.975463) can0 0DFE110B#E1AF4CFFFFFFFFFF
(1782743865.975464) can0 0DFE110B#E2FFFFFFFFFFFFFF
(1782743865.976565) can0 0DF1190B#FFAF4CB201E2FEFF
(1782743865.976566) can0 09F1120B#FFAF4CFF7FA6F6FC
(1782743865.977666) can0 09FD0223#83D80092E6FAFFFF
(1782743865.985486) can0 09F1130B#FF1B0C0000FFFFFF
(1782743865.985487) can0 0DF1140B#FFFAFFFFFFFFFFFF
(1782743865.992302) can0 09F11206#FFA24B0000A6F6FC
(1782743866.001523) can0 09F11306#FF89F6FFFFFFFFFF
(1782743866.001524) can0 0DF11406#FF0000FFFFFFFFFF
(1782743866.002629) can0 19FA0306#FFD350006400FF7F
(1782743866.004640) can0 09F8020B#FFFCBD8E0000FFFF
(1782743866.007942) can0 09F1050A#80153038FFFF7FFF
(1782743866.009143) can0 09F1050A#81FFFFFFD106D106
(1782743866.009144) can0 09F1050A#82FF7FFF7FFF7FFF
(1782743866.010243) can0 09F1050A#83FFFFFFFFFFFFFF
(1782743866.010244) can0 09F10D0D#FF07FF7FFF7FFFFF
(1782743866.012757) can0 09FE1206#600CFF7FFF7F0C00
(1782743866.012758) can0 09FE1206#61F5FFFF7FF5FFFF
(1782743866.024282) can0 15FD060B#FFFFFF5974FB03FF
(1782743866.027591) can0 09F11323#CBA3FBFFFFFFFFFF
(1782743866.028806) can0 09F80223#DCFC35C10500FFFF
(1782743866.028808) can0 09F11223#BF435700002FF6FD
(1782743866.032412) can0 09F80206#FFFCACC50300FFFF
(1782743866.041430) can0 15FD0606#FFFFFFD573FC03FF
(1782743866.052251) can0 19FA0406#20ABFFFD0E152D35
(1782743866.052253) can0 19FA0406#214E95EC13000000
(1782743866.053350) can0 19FA0406#2200F50BC431AE0F
(1782743866.053351) can0 19FA0406#238813206CFBFFF5
(1782743866.054452) can0 09FE120B#C00CFF7FFF7F0100
(1782743866.054453) can0 09FE120B#C10400FF7F0200FF
(1782743866.055555) can0 19FA0406#2405F31B7D9DC012
(1782743866.055557) can0 19FA0406#2500000000F50696
(1782743866.056757) can0 19FA0406#261AD033C012A086
(1782743866.056758) can0 19FA0406#270100F50CD115AB
(1782743866.057862) can0 19FA0406#28A594116079FEFF
(1782743866.057864) can0 19FA0406#29F50968127F2530
(1782743866.058962) can0 19FA0406#2A116079FEFFF50D
(1782743866.058963) can0 19FA0406#2B68125AA63011FF
(1782743866.060066) can0 19FA0406#2CFFFF7FF013B911
(1782743866.060067) can0 19FA0406#2DC45ECC10206CFB
(1782743866.061168) can0 19FA0406#2EFFF519B9114DC2
(1782743866.061169) can0 19FA0406#2F800C801A0600F5
(1782743866.062369) can0 19FA0406#301D8B0964D56810
(1782743866.062370) can0 19FA0406#31E0930400F50468
(1782743866.063470) can0 19FA0406#32037314D80EE093
(1782743866.063471) can0 19FA0406#330400F514BA0266
(1782743866.064576) can0 19FA0406#347B6810FFFFFF7F
(1782743866.064577) can0 19FA0406#35F02C5C1094A1CC
(1782743866.065783) can0 19FA0406#3610FFFFFF7FF52E
(1782743866.065784) can0 19FA0406#37390A65A8CC10FF
(1782743866.066882) can0 19FA0406#38FFFF7FF5FFFFFF
(1782743866.074299) can0 0DF1190B#FFB04CB001E2FEFF
(1782743866.074300) can0 09F1120B#FFB04CFF7FA6F6FC
(1782743866.084322) can0 09F1130B#FFEE0E0000FFFFFF
(1782743866.085525) can0 0DF1140B#FFFAFFFFFFFFFFFF
(1782743866.092346) can0 09F11206#FFA34B0000A6F6FC
(1782743866.101163) can0 09F11306#FF09F7FFFFFFFFFF
(1782743866.102377) can0 0DF11406#FF0000FFFFFFFFFF
(1782743866.103472) can0 0DF50B03#C20E0100000000FF
(1782743866.112592) can0 19F11A06#FFF8784EA6F6FFFF
(1782743866.127631) can0 09F11323#CCD2FDFFFFFFFFFF
(1782743866.127633) can0 09F11223#C0435700002FF6FD
(1782743866.157703) can0 09F10D0D#FF07FF7FFF7FFFFF
(1782743866.157705) can0 09F10D0A#FF07F4FDFF7FFFFF
(1782743866.158905) can0 09F50305#00FFFFFFFFFFFFFF
(1782743866.174342) can0 0DF1190B#FFB04CAF01E2FEFF
(1782743866.174343) can0 09F1120B#FFB04CFF7FA6F6FC
(1782743866.184466) can0 09F1130B#FF40120000FFFFFF
(1782743866.188873) can0 0DF1140B#FFFAFFFFFFFFFFFF
(1782743866.192382) can0 09F11206#FFA24B0000A6F6FC
(1782743866.201509) can0 09F11306#FF83F7FFFFFFFFFF
(1782743866.201509) can0 0DF11406#FF0000FFFFFFFFFF
(1782743866.227666) can0 09FD0223#84D200723EF8FFFF
(1782743866.227667) can0 0DF01023#DCF099508835641F
(1782743866.228783) can0 1DF11A23#DEF599502FF6FFFF
(1782743866.229976) can0 0DF11923#DEFF7FC5012801FF
(1782743866.231177) can0 09F11323#CD2FEAFFFFFFFFFF
(1782743866.232280) can0 09F80223#DDFCC9590000FFFF
(1782743866.233482) can0 19FA0323#DDDB5A008200FF7F
(1782743866.234586) can0 15FD0723#C0C16374FF7FF803
(1782743866.235726) can0 15FD0823#FF00016374FFFFFF
(1782743866.235727) can0 15FD0A23#FF0000EC810F00FF
(1782743866.236897) can0 09F11223#C1435700002FF6FD
(1782743866.254340) can0 09F8020B#FFFCF9980000FFFF
(1782743866.258545) can0 09F1050A#A0153038FFFF7FFF
(1782743866.259644) can0 09F1050A#A1FFFFFFD106D106
(1782743866.259645) can0 09F1050A#A2FF7FFF7FFF7FFF
(1782743866.260847) can0 09F1050A#A3FFFFFFFFFFFFFF
(1782743866.260848) can0 09F10D0D#FF07FF7FFF7FFFFF
(1782743866.261951) can0 09FE1206#800CFF7FFF7F0C00
(1782743866.261952) can0 09FE1206#81E5FFFF7FE5FFFF
(1782743866.271573) can0 19FA0423#C093DDFF0C041704
(1782743866.274487) can0 0DF1190B#FFB14CAD01E2FEFF
(1782743866.274489) can0 09F1120B#FFB14CFF7FA6F6FC
(1782743866.275585) can0 19FA0423#C12215740EFFFFFF
(1782743866.276688) can0 19FA030B#FFD332005000FF7F
(1782743866.276689) can0 19FA0423#C27FF505451B7C9D
(1782743866.280596) can0 19FA0423#C30410FFFFFF7FF5
(1782743866.280597) can0 09F80206#FFFCACC50300FFFF
(1782743866.283601) can0 19FA0423#C406E819D0333C0F
(1782743866.283602) can0 09F1130B#FF78150000FFFFFF
(1782743866.285006) can0 0DF1140B#FFFAFFFFFFFFFFFF
(1782743866.286108) can0 19FA0423#C5FFFFFF7FF50968
(1782743866.289519) can0 19FA0423#C6127F25C409FFFF
(1782743866.292425) can0 09F11206#FFA24B0000A6F6FC
(1782743866.292426) can0 19FA0423#C7FF7FF50B67305C
(1782743866.295637) can0 19FA0423#C8103C0FFFFFFF7F
(1782743866.298644) can0 19FA0423#C9F50CD01559A668
(1782743866.301551) can0 09F11306#FF2BF8FFFFFFFFFF
(1782743866.301552) can0 0DF11406#FF0000FFFFFFFFFF
(1782743866.302654) can0 19FA0423#CA10FFFFFF7FF50D
(1782743866.304453) can0 09FE120B#E00CFF7FFF7F0200
(1782743866.304454) can0 09FE120B#E10300FF7F0200FF
(1782743866.305555) can0 19FA0423#CB681207A70410FF
(1782743866.312476) can0 19FA0423#CCFFFF7FF113B911
(1782743866.314680) can0 19FA0423#CDC35E1C0CFFFFFF
(1782743866.317684) can0 19FA0423#CE7FF515D033FC95
(1782743866.320694) can0 19FA0423#CFCC10FFFFFF7FF5
(1782743866.323602) can0 19FA0423#D0190B114DC23C0F
(1782743866.326608) can0 19FA0423#D1FFFFFF7FF51D8B
(1782743866.327763) can0 09F11323#CEBA080000FFFFFF
(1782743866.327764) can0 09F11223#C2435700002FF6FD
(1782743866.330719) can0 19FA0423#D20912D6D80EFFFF
(1782743866.333724) can0 19FA0423#D3FF7FF530450C59
(1782743866.336240) can0 19FA0423#D4A63C0FFFFFFF7F
(1782743866.339645) can0 19FA0423#D5F1FFFFFFFFFFFF
(1782743866.359589) can0 09F10D0A#FF07F4FDFF7FFFFF
(1782743866.374335) can0 19F11A0B#FFF8784EA6F6FFFF
(1782743866.374336) can0 0DF1190B#FFB24CAB01E3FEFF
(1782743866.375426) can0 09F1120B#FFB24CFF7FA6F6FC
(1782743866.384452) can0 09F1130B#FF45180000FFFFFF
(1782743866.384453) can0 0DF1140B#FFFAFFFFFFFFFFFF
(1782743866.392164) can0 09F11206#FFA24B0000A6F6FC
(1782743866.401494) can0 09F11306#FFF2F8FFFFFFFFFF
(1782743866.401495) can0 0DF11406#FF0000FFFFFFFFFF
(1782743866.407908) can0 09F10D0D#FF07FF7FFF7FFFFF
(1782743866.427763) can0 09F11323#CF45270000FFFFFF
(1782743866.428855) can0 09F80223#DEFC214B0500FFFF
(1782743866.428857) can0 09F11223#C3555700002FF6FD
(1782743866.474359) can0 0DF1190B#FFB24CA701E2FEFF
(1782743866.474360) can0 09F1120B#FFB24CFF7FA6F6FC
(1782743866.475464) can0 19FA040B#609FFFFF0D049C03
(1782743866.475466) can0 19FA040B#61F914A00FFFFFFF
(1782743866.476564) can0 19FA040B#627FF505871BA29D
(1782743866.476565) can0 19FA040B#63740EFFFFFF7FF5
(1782743866.477664) can0 09FD0223#85D800D2E5FAFFFF
(1782743866.477665) can0 19FA040B#64062C1ABE339411
(1782743866.478868) can0 19FA040B#65FFFFFF7FF50952
(1782743866.478869) can0 19FA040B#66127225A00FFFFF
(1782743866.479970) can0 19FA040B#67FF7FF50B5B3018
(1782743866.479971) can0 19FA040B#6810F811FFFFFF7F
(1782743866.481071) can0 19FA040B#69F50C0A1626A630
(1782743866.481071) can0 19FA040B#6A11FFFFFF7FF513
(1782743866.482175) can0 19FA040B#6B9F11E35E3011FF
(1782743866.482176) can0 19FA040B#6CFFFF7FF5145103
(1782743866.483277) can0 19FA040B#6D637B1C0CFFFFFF
(1782743866.483278) can0 19FA040B#6E7FF41539348396
(1782743866.484383) can0 19FA040B#6FC012FFFFFF7FF5
(1782743866.484384) can0 19FA040B#70194D1179C23C0F
(1782743866.485480) can0 19FA040B#71FFFFFF7FF51D74
(1782743866.485481) can0 19FA040B#720916D6740EFFFF
(1782743866.486683) can0 19FA040B#73FF7FF52C5D1094
(1782743866.486684) can0 19FA040B#74A13011FFFFFF7F
(1782743866.487790) can0 19FA040B#75F530460C5AA630
(1782743866.487792) can0 19FA040B#7611FFFFFF7FF5FF
(1782743866.490092) can0 09F1130B#FF7E1A0000FFFFFF
(1782743866.490093) can0 0DF1140B#FFFAFFFFFFFFFFFF
(1782743866.492406) can0 09F11206#FFA34B0000A6F6FC
(1782743866.501518) can0 09F11306#FF8BF9FFFFFFFFFF
(1782743866.501519) can0 0DF11406#FF0000FFFFFFFFFF
(1782743866.504427) can0 09F8020B#FFFCF49C0000FFFF
(1782743866.508635) can0 09F1050A#C0153038FFFF7FFF
(1782743866.509837) can0 09F1050A#C1FFFFFFD106D106
(1782743866.509837) can0 09F1050A#C2FF7FFF7FFF7FFF
(1782743866.510942) can0 09F1050A#C3FFFFFFFFFFFFFF
(1782743866.510942) can0 09F10D0D#FF07FF7FFF7FFFFF
(1782743866.512543) can0 09FE1206#A00CFF7FFF7F0C00
(1782743866.512543) can0 09FE1206#A1F3FFFF7FF3FFFF
(1782743866.524377) can0 15FD060B#FFFFFF5974FB03FF
(1782743866.527787) can0 09F11323#D0D2E5FFFFFFFFFF
(1782743866.527789) can0 09F11223#C4555700002FF6FD
(1782743866.532292) can0 09F80206#FFFCACC50300FFFF
(1782743866.541511) can0 15FD0606#FFFFFFD573FC03FF
(1782743866.554344) can0 09FE120B#000CFF7FFF7F0200
(1782743866.554345) can0 09FE120B#010300FF7F0200FF
(1782743866.557448) can0 09F10D0A#FF07F4FDFF7FFFFF
(1782743866.574284) can0 0DF1190B#FFB24CA301E2FEFF
(1782743866.574285) can0 09F1120B#FFB24CFF7FA6F6FC
(1782743866.584523) can0 09F1130B#FFD91B0000FFFFFF
(1782743866.584524) can0 0DF1140B#FFFAFFFFFFFFFFFF
(1782743866.592428) can0 09F11206#FFA34B0000A6F6FC
(1782743866.602448) can0 09F11306#FF52FAFFFFFFFFFF
(1782743866.602449) can0 0DF11406#FF0000FFFFFFFFFF
(1782743866.609570) can0 09F10D0D#FF07FF7FFF7FFFFF
(1782743866.627711) can0 09F11323#D146F7FFFFFFFFFF
(1782743866.628913) can0 09F80223#DFFC90370500FFFF
(1782743866.628914) can0 09F11223#C5555700002FF6FD
(1782743866.674314) can0 0DF1190B#FFB24CA001E2FEFF
(1782743866.674315) can0 09F1120B#FFB24CFF7FA6F6FC
(1782743866.684437) can0 09F1130B#FF141D0000FFFFFF
(1782743866.684438) can0 0DF1140B#FFFAFFFFFFFFFFFF
(1782743866.692856) can0 09F11206#FFA34B0000A6F6FC
(1782743866.701478) can0 09F11306#FF0DFBFFFFFFFFFF
(1782743866.701479) can0 0DF11406#FF0000FFFFFFFFFF
(1782743866.713101) can0 19FA0906#000FFFFD0B01D700
(1782743866.714204) can0 19FA0906#01C40000E2040000
(1782743866.715408) can0 19FA0906#02E204FFFFFFFFFF
(1782743866.723729) can0 19F2140F#00CB050200607D00
(1782743866.727636) can0 09FD0223#86DD00E13CF8FFFF
(1782743866.727636) can0 09F11323#D2FF2F0000FFFFFF
(1782743866.728845) can0 15FD0723#C1C16374FF7FF803
(1782743866.728846) can0 09F11223#C6435700002FF6FD
(1782743866.754398) can0 09F8020B#FFFC009E0000FFFF
(1782743866.757507) can0 09F1050A#E0153038FFFF7FFF
(1782743866.758610) can0 09F1050A#E1FFFFFFD106D106
(1782743866.758611) can0 09F1050A#E2FF7FFF7FFF7FFF
(1782743866.759809) can0 09F1050A#E3FFFFFFFFFFFFFF
(1782743866.759810) can0 09F10D0D#FF07FF7FFF7FFFFF
(1782743866.760912) can0 09F10D0A#FF07F4FDFF7FFFFF
(1782743866.762020) can0 09FE1206#C00CFF7FFF7F0C00
(1782743866.762021) can0 09FE1206#C1E1FFFF7FE1FFFF
(1782743866.772148) can0 0DF01006#FFF09950A031641F
(1782743866.774344) can0 0DF1190B#FFB24C9C01E2FEFF
(1782743866.774345) can0 09F1120B#FFB24CFF7FA6F6FC
(1782743866.781661) can0 09F80206#FFFCACC50200FFFF
(1782743866.784569) can0 09F1130B#FF5C1E0000FFFFFF
(1782743866.784570) can0 0DF1140B#FFF9FFFFFFFFFFFF
(1782743866.792284) can0 09F11206#FFA74B0000A6F6FC
(1782743866.801509) can0 09F11306#FFB0FBFFFFFFFFFF
(1782743866.801510) can0 0DF11406#FF0000FFFFFFFFFF
(1782743866.804417) can0 09FE120B#200CFF7FFF7F0100
(1782743866.804418) can0 09FE120B#210300FF7F0100FF
(1782743866.827768) can0 09F11323#D3BA080000FFFFFF
(1782743866.828868) can0 09F80223#E0FCB8440500FFFF
(1782743866.828869) can0 09F11223#C7435700002FF6FD
(1782743866.832285) can0 0DF11906#FFA64BAC0096FFFF
(1782743866.874376) can0 0DF1190B#FFB24C9901E1FEFF
(1782743866.874377) can0 09F1120B#FFB24CFF7FA6F6FC
(1782743866.881697) can0 0DFE1106#000EC1FFACC50200
(1782743866.881698) can0 0DFE1106#01A74BFFFFFFFFFF
(1782743866.882797) can0 0DFE1106#02FFFFFFFFFFFFFF
(1782743866.884498) can0 09F1130B#FF781F0000FFFFFF
(1782743866.884499) can0 0DF1140B#FFF9FFFFFFFFFFFF
(1782743866.892614) can0 09F11206#FFA64B0000A6F6FC
(1782743866.901542) can0 09F11306#FF29FCFFFFFFFFFF
(1782743866.901543) can0 0DF11406#FF0000FFFFFFFFFF
(1782743866.908375) can0 09F10D0D#FF07FF7FFF7FFFFF
(1782743866.927699) can0 09F11323#D400000000FFFFFF
(1782743866.927700) can0 09F11223#C8435700002FF6FD
(1782743866.974402) can0 0DF0100B#FFF09950B058641F
(1782743866.974402) can0 0DFE110B#000EC1FFCE9D0000
(1782743866.975511) can0 0DFE110B#01AF4CFFFFFFFFFF
(1782743866.975512) can0 0DFE110B#02FFFFFFFFFFFFFF
(1782743866.976609) can0 0DF1190B#FFAF4C9301DEFEFF
(1782743866.976610) can0 09F1120B#FFAF4CFF7FA6F6FC
(1782743866.977711) can0 09FD0223#87E20075E4FAFFFF
(1782743866.985425) can0 09F1130B#FFE6200000FFFFFF
(1782743866.985426) can0 0DF1140B#FFF9FFFFFFFFFFFF
(1782743866.992445) can0 09F11206#FFA54B0000A6F6FC
(1782743867.001669) can0 09F11306#FFC3FCFFFFFFFFFF
(1782743867.001670) can0 0DF11406#FF0000FFFFFFFFFF
(1782743867.002771) can0 19FA0306#FFD350006400FF7F
(1782743867.004373) can0 09F8020B#FFFCB99D0000FFFF
(1782743867.007981) can0 09F1050A#00153038FFFF7FFF
(1782743867.009081) can0 09F1050A#01FFFFFFD106D106
(1782743867.009081) can0 09F1050A#02FF7FFF7FFF7FFF
(1782743867.010283) can0 09F1050A#03FFFFFFFFFFFFFF
(1782743867.010283) can0 09F10D0D#FF07FF7FFF7FFFFF
(1782743867.011386) can0 09F10D0A#FF07F4FDFF7FFFFF
(1782743867.012688) can0 09FE1206#E00CFF7FFF7FE3FF
(1782743867.012689) can0 09FE1206#E1F5FFFF7FF5FFFF
(1782743867.024318) can0 15FD060B#FFFFFF5874FB03FF
(1782743867.027726) can0 09F11323#D52FEAFFFFFFFFFF
(1782743867.028827) can0 09F80223#E1FC443F0500FFFF
(1782743867.028828) can0 09F11223#C9435700002FF6FD
(1782743867.032235) can0 09F80206#FFFCACC50200FFFF
(1782743867.041455) can0 15FD0606#FFFFFFD573FC03FF
(1782743867.044362) can0 15FD080B#FF00015874FFFFFF
(1782743867.052380) can0 19FA0406#40ABFFFD0E152D35
(1782743867.052381) can0 19FA0406#414E95EC136079FE
(1782743867.053482) can0 19FA0406#42FFF50BC431AE0F
(1782743867.053483) can0 19FA0406#438813A0860100F5
(1782743867.054584) can0 09FE120B#400CFF7FFF7F0100
(1782743867.054585) can0 09FE120B#410300FF7F0100FF
(1782743867.055697) can0 19FA0406#4405F31B7D9DC012
(1782743867.055698) can0 19FA0406#4500000000F50696
